Archive member included to satisfy reference by file (symbol)

/usr/local/Cellar/arm-none-eabi-gcc/8-2018-q4-major/gcc/bin/../lib/gcc/arm-none-eabi/8.2.1/../../../../arm-none-eabi/lib/thumb/v7e-m+dp/hard/libc_nano.a(lib_a-exit.o)
                              /usr/local/Cellar/arm-none-eabi-gcc/8-2018-q4-major/gcc/bin/../lib/gcc/arm-none-eabi/8.2.1/../../../../arm-none-eabi/lib/thumb/v7e-m+dp/hard/crt0.o (exit)
/usr/local/Cellar/arm-none-eabi-gcc/8-2018-q4-major/gcc/bin/../lib/gcc/arm-none-eabi/8.2.1/../../../../arm-none-eabi/lib/thumb/v7e-m+dp/hard/libc_nano.a(lib_a-impure.o)
                              /usr/local/Cellar/arm-none-eabi-gcc/8-2018-q4-major/gcc/bin/../lib/gcc/arm-none-eabi/8.2.1/../../../../arm-none-eabi/lib/thumb/v7e-m+dp/hard/libc_nano.a(lib_a-exit.o) (_global_impure_ptr)
/usr/local/Cellar/arm-none-eabi-gcc/8-2018-q4-major/gcc/bin/../lib/gcc/arm-none-eabi/8.2.1/../../../../arm-none-eabi/lib/thumb/v7e-m+dp/hard/libc_nano.a(lib_a-init.o)
                              /usr/local/Cellar/arm-none-eabi-gcc/8-2018-q4-major/gcc/bin/../lib/gcc/arm-none-eabi/8.2.1/../../../../arm-none-eabi/lib/thumb/v7e-m+dp/hard/crt0.o (__libc_init_array)
/usr/local/Cellar/arm-none-eabi-gcc/8-2018-q4-major/gcc/bin/../lib/gcc/arm-none-eabi/8.2.1/../../../../arm-none-eabi/lib/thumb/v7e-m+dp/hard/libc_nano.a(lib_a-memset.o)
                              /usr/local/Cellar/arm-none-eabi-gcc/8-2018-q4-major/gcc/bin/../lib/gcc/arm-none-eabi/8.2.1/../../../../arm-none-eabi/lib/thumb/v7e-m+dp/hard/crt0.o (memset)
/usr/local/Cellar/arm-none-eabi-gcc/8-2018-q4-major/gcc/bin/../lib/gcc/arm-none-eabi/8.2.1/../../../../arm-none-eabi/lib/thumb/v7e-m+dp/hard/libc_nano.a(lib_a-rand.o)
                              build/main.o (rand)
/usr/local/Cellar/arm-none-eabi-gcc/8-2018-q4-major/gcc/bin/../lib/gcc/arm-none-eabi/8.2.1/../../../../arm-none-eabi/lib/thumb/v7e-m+dp/hard/libc_nano.a(lib_a-vsprintf.o)
                              build/SPI_TFT_ILI9341.o (vsprintf)
/usr/local/Cellar/arm-none-eabi-gcc/8-2018-q4-major/gcc/bin/../lib/gcc/arm-none-eabi/8.2.1/../../../../arm-none-eabi/lib/thumb/v7e-m+dp/hard/libc_nano.a(lib_a-malloc.o)
                              /usr/local/Cellar/arm-none-eabi-gcc/8-2018-q4-major/gcc/bin/../lib/gcc/arm-none-eabi/8.2.1/../../../../arm-none-eabi/lib/thumb/v7e-m+dp/hard/libc_nano.a(lib_a-rand.o) (malloc)
/usr/local/Cellar/arm-none-eabi-gcc/8-2018-q4-major/gcc/bin/../lib/gcc/arm-none-eabi/8.2.1/../../../../arm-none-eabi/lib/thumb/v7e-m+dp/hard/libc_nano.a(lib_a-nano-freer.o)
                              /usr/local/Cellar/arm-none-eabi-gcc/8-2018-q4-major/gcc/bin/../lib/gcc/arm-none-eabi/8.2.1/../../../../arm-none-eabi/lib/thumb/v7e-m+dp/hard/libc_nano.a(lib_a-malloc.o) (_free_r)
/usr/local/Cellar/arm-none-eabi-gcc/8-2018-q4-major/gcc/bin/../lib/gcc/arm-none-eabi/8.2.1/../../../../arm-none-eabi/lib/thumb/v7e-m+dp/hard/libc_nano.a(lib_a-nano-mallocr.o)
                              /usr/local/Cellar/arm-none-eabi-gcc/8-2018-q4-major/gcc/bin/../lib/gcc/arm-none-eabi/8.2.1/../../../../arm-none-eabi/lib/thumb/v7e-m+dp/hard/libc_nano.a(lib_a-malloc.o) (_malloc_r)
/usr/local/Cellar/arm-none-eabi-gcc/8-2018-q4-major/gcc/bin/../lib/gcc/arm-none-eabi/8.2.1/../../../../arm-none-eabi/lib/thumb/v7e-m+dp/hard/libc_nano.a(lib_a-nano-svfprintf.o)
                              /usr/local/Cellar/arm-none-eabi-gcc/8-2018-q4-major/gcc/bin/../lib/gcc/arm-none-eabi/8.2.1/../../../../arm-none-eabi/lib/thumb/v7e-m+dp/hard/libc_nano.a(lib_a-vsprintf.o) (_svfprintf_r)
/usr/local/Cellar/arm-none-eabi-gcc/8-2018-q4-major/gcc/bin/../lib/gcc/arm-none-eabi/8.2.1/../../../../arm-none-eabi/lib/thumb/v7e-m+dp/hard/libc_nano.a(lib_a-nano-vfprintf_i.o)
                              /usr/local/Cellar/arm-none-eabi-gcc/8-2018-q4-major/gcc/bin/../lib/gcc/arm-none-eabi/8.2.1/../../../../arm-none-eabi/lib/thumb/v7e-m+dp/hard/libc_nano.a(lib_a-nano-svfprintf.o) (_printf_i)
/usr/local/Cellar/arm-none-eabi-gcc/8-2018-q4-major/gcc/bin/../lib/gcc/arm-none-eabi/8.2.1/../../../../arm-none-eabi/lib/thumb/v7e-m+dp/hard/libc_nano.a(lib_a-sbrkr.o)
                              /usr/local/Cellar/arm-none-eabi-gcc/8-2018-q4-major/gcc/bin/../lib/gcc/arm-none-eabi/8.2.1/../../../../arm-none-eabi/lib/thumb/v7e-m+dp/hard/libc_nano.a(lib_a-nano-mallocr.o) (_sbrk_r)
/usr/local/Cellar/arm-none-eabi-gcc/8-2018-q4-major/gcc/bin/../lib/gcc/arm-none-eabi/8.2.1/../../../../arm-none-eabi/lib/thumb/v7e-m+dp/hard/libc_nano.a(lib_a-memchr.o)
                              /usr/local/Cellar/arm-none-eabi-gcc/8-2018-q4-major/gcc/bin/../lib/gcc/arm-none-eabi/8.2.1/../../../../arm-none-eabi/lib/thumb/v7e-m+dp/hard/libc_nano.a(lib_a-nano-svfprintf.o) (memchr)
/usr/local/Cellar/arm-none-eabi-gcc/8-2018-q4-major/gcc/bin/../lib/gcc/arm-none-eabi/8.2.1/../../../../arm-none-eabi/lib/thumb/v7e-m+dp/hard/libc_nano.a(lib_a-memcpy-stub.o)
[...]
Memory Configuration

Name             Origin             Length             Attributes
RAM              0x0000000020000000 0x0000000000080000 xrw
FLASH            0x0000000008000000 0x0000000000200000 xr
*default*        0x0000000000000000 0xffffffffffffffff

Linker script and memory map

LOAD /usr/local/Cellar/arm-none-eabi-gcc/8-2018-q4-major/gcc/bin/../lib/gcc/arm-none-eabi/8.2.1/thumb/v7e-m+dp/hard/crti.o
LOAD /usr/local/Cellar/arm-none-eabi-gcc/8-2018-q4-major/gcc/bin/../lib/gcc/arm-none-eabi/8.2.1/thumb/v7e-m+dp/hard/crtbegin.o
LOAD /usr/local/Cellar/arm-none-eabi-gcc/8-2018-q4-major/gcc/bin/../lib/gcc/arm-none-eabi/8.2.1/../../../../arm-none-eabi/lib/thumb/v7e-m+dp/hard/crt0.o
LOAD build/main.o
LOAD build/gpio.o
LOAD build/spi.o
LOAD build/stm32f7xx_it.o
LOAD build/stm32f7xx_hal_msp.o
LOAD build/stm32f7xx_hal_cortex.o
LOAD build/stm32f7xx_hal_spi.o
LOAD build/stm32f7xx_hal_spi_ex.o
LOAD build/stm32f7xx_hal_tim.o
LOAD build/stm32f7xx_hal_tim_ex.o
LOAD build/stm32f7xx_hal_rcc.o
LOAD build/stm32f7xx_hal_rcc_ex.o
LOAD build/stm32f7xx_hal_flash.o
LOAD build/stm32f7xx_hal_flash_ex.o
LOAD build/stm32f7xx_hal_gpio.o
LOAD build/stm32f7xx_hal_dma.o
LOAD build/stm32f7xx_hal_dma_ex.o
LOAD build/stm32f7xx_hal_pwr.o
LOAD build/stm32f7xx_hal_pwr_ex.o
LOAD build/stm32f7xx_hal.o
LOAD build/stm32f7xx_hal_i2c.o
LOAD build/stm32f7xx_hal_i2c_ex.o
LOAD build/stm32f7xx_hal_exti.o
LOAD build/system_stm32f7xx.o
LOAD build/SPI_TFT_ILI9341.o
LOAD build/Touch_ADS7843.o
LOAD build/startup_stm32f767xx.o
LOAD /usr/local/Cellar/arm-none-eabi-gcc/8-2018-q4-major/gcc/bin/../lib/gcc/arm-none-eabi/8.2.1/../../../../arm-none-eabi/lib/thumb/v7e-m+dp/hard/libc_nano.a
LOAD /usr/local/Cellar/arm-none-eabi-gcc/8-2018-q4-major/gcc/bin/../lib/gcc/arm-none-eabi/8.2.1/../../../../arm-none-eabi/lib/thumb/v7e-m+dp/hard/libm.a
LOAD /usr/local/Cellar/arm-none-eabi-gcc/8-2018-q4-major/gcc/bin/../lib/gcc/arm-none-eabi/8.2.1/../../../../arm-none-eabi/lib/thumb/v7e-m+dp/hard/libnosys.a
START GROUP
LOAD /usr/local/Cellar/arm-none-eabi-gcc/8-2018-q4-major/gcc/bin/../lib/gcc/arm-none-eabi/8.2.1/thumb/v7e-m+dp/hard/libgcc.a
LOAD /usr/local/Cellar/arm-none-eabi-gcc/8-2018-q4-major/gcc/bin/../lib/gcc/arm-none-eabi/8.2.1/../../../../arm-none-eabi/lib/thumb/v7e-m+dp/hard/libc_nano.a
END GROUP
START GROUP
LOAD /usr/local/Cellar/arm-none-eabi-gcc/8-2018-q4-major/gcc/bin/../lib/gcc/arm-none-eabi/8.2.1/thumb/v7e-m+dp/hard/libgcc.a
LOAD /usr/local/Cellar/arm-none-eabi-gcc/8-2018-q4-major/gcc/bin/../lib/gcc/arm-none-eabi/8.2.1/../../../../arm-none-eabi/lib/thumb/v7e-m+dp/hard/libc_nano.a
END GROUP
LOAD /usr/local/Cellar/arm-none-eabi-gcc/8-2018-q4-major/gcc/bin/../lib/gcc/arm-none-eabi/8.2.1/thumb/v7e-m+dp/hard/crtend.o
LOAD /usr/local/Cellar/arm-none-eabi-gcc/8-2018-q4-major/gcc/bin/../lib/gcc/arm-none-eabi/8.2.1/thumb/v7e-m+dp/hard/crtn.o
                0x0000000020080000                _estack = 0x20080000
                0x0000000000000200                _Min_Heap_Size = 0x200
                0x0000000000000400                _Min_Stack_Size = 0x400

.isr_vector     0x0000000008000000      0x1f8
                0x0000000008000000                . = ALIGN (0x4)
 *(.isr_vector)
 .isr_vector    0x0000000008000000      0x1f8 build/startup_stm32f767xx.o
                0x0000000008000000                g_pfnVectors
                0x00000000080001f8                . = ALIGN (0x4)

.text           0x0000000008000200     0x3834
                0x0000000008000200                . = ALIGN (0x4)
 *(.text)
 .text          0x0000000008000200       0x40 /usr/local/Cellar/arm-none-eabi-gcc/8-2018-q4-major/gcc/bin/../lib/gcc/arm-none-eabi/8.2.1/thumb/v7e-m+dp/hard/crtbegin.o
 .text          0x0000000008000240       0xa0 /usr/local/Cellar/arm-none-eabi-gcc/8-2018-q4-major/gcc/bin/../lib/gcc/arm-none-eabi/8.2.1/../../../../arm-none-eabi/lib/thumb/v7e-m+dp/hard/libc_nano.a(lib_a-memchr.o)
                0x0000000008000240                memchr
 .text          0x00000000080002e0       0x30 /usr/local/Cellar/arm-none-eabi-gcc/8-2018-q4-major/gcc/bin/../lib/gcc/arm-none-eabi/8.2.1/thumb/v7e-m+dp/hard/libgcc.a(_aeabi_uldivmod.o)
                0x00000000080002e0                __aeabi_uldivmod
 .text          0x0000000008000310      0x2d0 /usr/local/Cellar/arm-none-eabi-gcc/8-2018-q4-major/gcc/bin/../lib/gcc/arm-none-eabi/8.2.1/thumb/v7e-m+dp/hard/libgcc.a(_udivmoddi4.o)
                0x0000000008000310                __udivmoddi4
 .text          0x00000000080005e0        0x4 /usr/local/Cellar/arm-none-eabi-gcc/8-2018-q4-major/gcc/bin/../lib/gcc/arm-none-eabi/8.2.1/thumb/v7e-m+dp/hard/libgcc.a(_dvmd_tls.o)
                0x00000000080005e0                __aeabi_ldiv0
                0x00000000080005e0                __aeabi_idiv0
 *(.text*)
 .text.TFT_spi_write_callback
                0x00000000080005e4       0x14 build/main.o
                0x00000000080005e4                TFT_spi_write_callback
 .text.TFT_digitalOut_dc_callback
                0x00000000080005f8       0x14 build/main.o
                0x00000000080005f8                TFT_digitalOut_dc_callback
 .text.TFT_digitalOut_cs_callback
                0x000000000800060c       0x14 build/main.o
                0x000000000800060c                TFT_digitalOut_cs_callback
 .text.TFT_digitalOut_reset_callback
                0x0000000008000620       0x14 build/main.o
                0x0000000008000620                TFT_digitalOut_reset_callback
 .text.touch_digitalOut_cs_callback
                0x0000000008000634       0x14 build/main.o
                0x0000000008000634                touch_digitalOut_cs_callback
 .text.TFT_waitms_callback
                0x0000000008000648        0x8 build/main.o
                0x0000000008000648                TFT_waitms_callback
 .text.touch_spi_write_callback
                0x0000000008000650       0x2c build/main.o
                0x0000000008000650                touch_spi_write_callback
 .text.touch_digitalIn_irq_callback
                0x000000000800067c       0x10 build/main.o
                0x000000000800067c                touch_digitalIn_irq_callback
 .text.SystemClock_Config
                0x000000000800068c       0x90 build/main.o
                0x000000000800068c                SystemClock_Config
 .text.drawPilars
                0x000000000800071c       0xcc build/main.o
                0x000000000800071c                drawPilars
 .text.drawBird
                0x00000000080007e8       0x4c build/main.o
                0x00000000080007e8                drawBird
 .text.initiateGame
                0x0000000008000834      0x120 build/main.o
                0x0000000008000834                initiateGame
 .text.gameOver
                0x0000000008000954       0xe8 build/main.o
                0x0000000008000954                gameOver
 *fill*         0x0000000008000a3c        0x4 
 .text.main     0x0000000008000a40      0x244 build/main.o
                0x0000000008000a40                main
 .text.Error_Handler
                0x0000000008000c84        0x2 build/main.o
                0x0000000008000c84                Error_Handler
 *fill*         0x0000000008000c86        0x2 
 .text.MX_GPIO_Init
                0x0000000008000c88      0x1ec build/gpio.o
                0x0000000008000c88                MX_GPIO_Init
 .text.MX_SPI3_Init
                0x0000000008000e74       0x50 build/spi.o
                0x0000000008000e74                MX_SPI3_Init
 .text.MX_SPI6_Init
                0x0000000008000ec4       0x50 build/spi.o
                0x0000000008000ec4                MX_SPI6_Init
 .text.HAL_SPI_MspInit
                0x0000000008000f14       0xbc build/spi.o
                0x0000000008000f14                HAL_SPI_MspInit
 .text.NMI_Handler
                0x0000000008000fd0        0x2 build/stm32f7xx_it.o
                0x0000000008000fd0                NMI_Handler
 .text.HardFault_Handler
                0x0000000008000fd2        0x2 build/stm32f7xx_it.o
                0x0000000008000fd2                HardFault_Handler
 .text.MemManage_Handler
                0x0000000008000fd4        0x2 build/stm32f7xx_it.o
                0x0000000008000fd4                MemManage_Handler
 .text.BusFault_Handler
                0x0000000008000fd6        0x2 build/stm32f7xx_it.o
                0x0000000008000fd6                BusFault_Handler
 .text.UsageFault_Handler
                0x0000000008000fd8        0x2 build/stm32f7xx_it.o
                0x0000000008000fd8                UsageFault_Handler
 .text.SVC_Handler
                0x0000000008000fda        0x2 build/stm32f7xx_it.o
                0x0000000008000fda                SVC_Handler
 .text.DebugMon_Handler
                0x0000000008000fdc        0x2 build/stm32f7xx_it.o
                0x0000000008000fdc                DebugMon_Handler
 .text.PendSV_Handler
                0x0000000008000fde        0x2 build/stm32f7xx_it.o
                0x0000000008000fde                PendSV_Handler
 .text.SysTick_Handler
                0x0000000008000fe0        0x8 build/stm32f7xx_it.o
                0x0000000008000fe0                SysTick_Handler
 .text.HAL_MspInit
                0x0000000008000fe8       0x30 build/stm32f7xx_hal_msp.o
                0x0000000008000fe8                HAL_MspInit
 .text.HAL_NVIC_SetPriorityGrouping
                0x0000000008001018       0x24 build/stm32f7xx_hal_cortex.o
                0x0000000008001018                HAL_NVIC_SetPriorityGrouping
 .text.HAL_NVIC_SetPriority
                0x000000000800103c       0x64 build/stm32f7xx_hal_cortex.o
                0x000000000800103c                HAL_NVIC_SetPriority
 .text.HAL_SYSTICK_Config
                0x00000000080010a0       0x2c build/stm32f7xx_hal_cortex.o
                0x00000000080010a0                HAL_SYSTICK_Config
 .text.SPI_WaitFlagStateUntilTimeout
                0x00000000080010cc       0x90 build/stm32f7xx_hal_spi.o
 .text.SPI_WaitFifoStateUntilTimeout
                0x000000000800115c       0x98 build/stm32f7xx_hal_spi.o
 .text.SPI_EndRxTxTransaction
                0x00000000080011f4       0x66 build/stm32f7xx_hal_spi.o
 .text.HAL_SPI_Init
                0x000000000800125a       0xba build/stm32f7xx_hal_spi.o
                0x000000000800125a                HAL_SPI_Init
 .text.HAL_SPI_Transmit
                0x0000000008001314      0x1e4 build/stm32f7xx_hal_spi.o
                0x0000000008001314                HAL_SPI_Transmit
 .text.HAL_SPI_TransmitReceive
                0x00000000080014f8      0x2ce build/stm32f7xx_hal_spi.o
                0x00000000080014f8                HAL_SPI_TransmitReceive
 *fill*         0x00000000080017c6        0x2 
 .text.HAL_RCC_OscConfig
                0x00000000080017c8      0x3d4 build/stm32f7xx_hal_rcc.o
                0x00000000080017c8                HAL_RCC_OscConfig
 .text.HAL_RCC_GetSysClockFreq
                0x0000000008001b9c       0xc8 build/stm32f7xx_hal_rcc.o
                0x0000000008001b9c                HAL_RCC_GetSysClockFreq
 .text.HAL_RCC_ClockConfig
                0x0000000008001c64      0x164 build/stm32f7xx_hal_rcc.o
                0x0000000008001c64                HAL_RCC_ClockConfig
 .text.HAL_GPIO_Init
                0x0000000008001dc8      0x1e0 build/stm32f7xx_hal_gpio.o
                0x0000000008001dc8                HAL_GPIO_Init
 .text.HAL_GPIO_ReadPin
                0x0000000008001fa8        0xe build/stm32f7xx_hal_gpio.o
                0x0000000008001fa8                HAL_GPIO_ReadPin
 .text.HAL_GPIO_WritePin
                0x0000000008001fb6        0xc build/stm32f7xx_hal_gpio.o
                0x0000000008001fb6                HAL_GPIO_WritePin
 *fill*         0x0000000008001fc2        0x2 
 .text.HAL_PWREx_EnableOverDrive
                0x0000000008001fc4       0x7c build/stm32f7xx_hal_pwr_ex.o
                0x0000000008001fc4                HAL_PWREx_EnableOverDrive
 .text.HAL_InitTick
                0x0000000008002040       0x4c build/stm32f7xx_hal.o
                0x0000000008002040                HAL_InitTick
 .text.HAL_Init
                0x000000000800208c       0x16 build/stm32f7xx_hal.o
                0x000000000800208c                HAL_Init
 *fill*         0x00000000080020a2        0x2 
 .text.HAL_IncTick
                0x00000000080020a4       0x18 build/stm32f7xx_hal.o
                0x00000000080020a4                HAL_IncTick
 .text.HAL_GetTick
                0x00000000080020bc        0xc build/stm32f7xx_hal.o
                0x00000000080020bc                HAL_GetTick
 .text.HAL_Delay
                0x00000000080020c8       0x28 build/stm32f7xx_hal.o
                0x00000000080020c8                HAL_Delay
 .text.SystemInit
                0x00000000080020f0       0x50 build/system_stm32f7xx.o
                0x00000000080020f0                SystemInit
 .text.wr_cmd   0x0000000008002140       0x28 build/SPI_TFT_ILI9341.o
 .text.window   0x0000000008002168       0x8c build/SPI_TFT_ILI9341.o
 .text.SPI_TFT_ILI9341_set_foreground
                0x00000000080021f4        0x4 build/SPI_TFT_ILI9341.o
                0x00000000080021f4                SPI_TFT_ILI9341_set_foreground
 .text.SPI_TFT_ILI9341_set_background
                0x00000000080021f8        0x4 build/SPI_TFT_ILI9341.o
                0x00000000080021f8                SPI_TFT_ILI9341_set_background
 .text.SPI_TFT_ILI9341_width
                0x00000000080021fc       0x1c build/SPI_TFT_ILI9341.o
                0x00000000080021fc                SPI_TFT_ILI9341_width
 .text.SPI_TFT_ILI9341_height
                0x0000000008002218       0x1c build/SPI_TFT_ILI9341.o
                0x0000000008002218                SPI_TFT_ILI9341_height
 .text.WindowMax
                0x0000000008002234       0x24 build/SPI_TFT_ILI9341.o
 .text.tft_reset
                0x0000000008002258      0x370 build/SPI_TFT_ILI9341.o
 .text.SPI_TFT_ILI9341
                0x00000000080025c8       0x1c build/SPI_TFT_ILI9341.o
                0x00000000080025c8                SPI_TFT_ILI9341
 .text.hline    0x00000000080025e4       0x68 build/SPI_TFT_ILI9341.o
 .text.vline    0x000000000800264c       0x64 build/SPI_TFT_ILI9341.o
 .text.SPI_TFT_ILI9341_set_orientation
                0x00000000080026b0       0x54 build/SPI_TFT_ILI9341.o
                0x00000000080026b0                SPI_TFT_ILI9341_set_orientation
 .text.SPI_TFT_ILI9341_pixel
                0x0000000008002704       0x84 build/SPI_TFT_ILI9341.o
                0x0000000008002704                SPI_TFT_ILI9341_pixel
 .text.SPI_TFT_ILI9341_cls
                0x0000000008002788       0x32 build/SPI_TFT_ILI9341.o
                0x0000000008002788                SPI_TFT_ILI9341_cls
 .text.SPI_TFT_ILI9341_fillcircle
                0x00000000080027ba       0x7c build/SPI_TFT_ILI9341.o
                0x00000000080027ba                SPI_TFT_ILI9341_fillcircle
 .text.SPI_TFT_ILI9341_line
                0x0000000008002836      0x102 build/SPI_TFT_ILI9341.o
                0x0000000008002836                SPI_TFT_ILI9341_line
 .text.SPI_TFT_ILI9341_fillrect
                0x0000000008002938       0x2e build/SPI_TFT_ILI9341.o
                0x0000000008002938                SPI_TFT_ILI9341_fillrect
 .text.SPI_TFT_ILI9341_locate
                0x0000000008002966        0x6 build/SPI_TFT_ILI9341.o
                0x0000000008002966                SPI_TFT_ILI9341_locate
 .text.SPI_TFT_ILI9341_character
                0x000000000800296c      0x138 build/SPI_TFT_ILI9341.o
                0x000000000800296c                SPI_TFT_ILI9341_character
 .text.SPI_TFT_ILI9341_putc
                0x0000000008002aa4       0x38 build/SPI_TFT_ILI9341.o
                0x0000000008002aa4                SPI_TFT_ILI9341_putc
 .text.SPI_TFT_ILI9341_printf
                0x0000000008002adc       0x64 build/SPI_TFT_ILI9341.o
                0x0000000008002adc                SPI_TFT_ILI9341_printf
 .text.SPI_TFT_ILI9341_set_font
                0x0000000008002b40        0x4 build/SPI_TFT_ILI9341.o
                0x0000000008002b40                SPI_TFT_ILI9341_set_font
 .text.Read_XY  0x0000000008002b44       0x50 build/Touch_ADS7843.o
 .text.TP_GetAdXY
                0x0000000008002b94       0x28 build/Touch_ADS7843.o
 .text.setCalibrationMatrix
                0x0000000008002bbc      0x11e build/Touch_ADS7843.o
 .text.DrawCross
                0x0000000008002cda      0x102 build/Touch_ADS7843.o
 .text.Touch_ADS7843
                0x0000000008002ddc       0x34 build/Touch_ADS7843.o
                0x0000000008002ddc                Touch_ADS7843
 .text.Touch_ADS7843_OnTouch
                0x0000000008002e10        0xe build/Touch_ADS7843.o
                0x0000000008002e10                Touch_ADS7843_OnTouch
 *fill*         0x0000000008002e1e        0x2 
 .text.Touch_ADS7843_ReadADS7843
                0x0000000008002e20      0x1a8 build/Touch_ADS7843.o
                0x0000000008002e20                Touch_ADS7843_ReadADS7843
 .text.Touch_ADS7843_GetDisplayPoint
                0x0000000008002fc8       0x40 build/Touch_ADS7843.o
                0x0000000008002fc8                Touch_ADS7843_GetDisplayPoint
 .text.Touch_ADS7843_TouchPanelCalibrate
                0x0000000008003008       0xa0 build/Touch_ADS7843.o
                0x0000000008003008                Touch_ADS7843_TouchPanelCalibrate
 .text.Reset_Handler
                0x00000000080030a8       0x50 build/startup_stm32f767xx.o
                0x00000000080030a8                Reset_Handler
 .text.Default_Handler
                0x00000000080030f8        0x2 build/startup_stm32f767xx.o
                0x00000000080030f8                DMA1_Stream3_IRQHandler
                0x00000000080030f8                EXTI2_IRQHandler
                0x00000000080030f8                TIM8_CC_IRQHandler
                0x00000000080030f8                UART8_IRQHandler
                0x00000000080030f8                SPI4_IRQHandler
                0x00000000080030f8                TIM1_CC_IRQHandler
                0x00000000080030f8                DMA2_Stream5_IRQHandler
                0x00000000080030f8                JPEG_IRQHandler
                0x00000000080030f8                DMA1_Stream5_IRQHandler
                0x00000000080030f8                CAN3_RX1_IRQHandler
                0x00000000080030f8                PVD_IRQHandler
                0x00000000080030f8                TAMP_STAMP_IRQHandler
                0x00000000080030f8                CAN2_RX1_IRQHandler
                0x00000000080030f8                EXTI3_IRQHandler
                0x00000000080030f8                TIM8_TRG_COM_TIM14_IRQHandler
                0x00000000080030f8                DFSDM1_FLT1_IRQHandler
                0x00000000080030f8                TIM1_UP_TIM10_IRQHandler
                0x00000000080030f8                TIM8_UP_TIM13_IRQHandler
                0x00000000080030f8                I2C3_ER_IRQHandler
                0x00000000080030f8                DFSDM1_FLT2_IRQHandler
                0x00000000080030f8                EXTI0_IRQHandler
                0x00000000080030f8                I2C2_EV_IRQHandler
                0x00000000080030f8                DMA1_Stream2_IRQHandler
                0x00000000080030f8                CAN1_RX0_IRQHandler
                0x00000000080030f8                FPU_IRQHandler
                0x00000000080030f8                OTG_HS_WKUP_IRQHandler
                0x00000000080030f8                CAN3_SCE_IRQHandler
                0x00000000080030f8                LTDC_ER_IRQHandler
                0x00000000080030f8                CAN2_SCE_IRQHandler
                0x00000000080030f8                DMA2_Stream2_IRQHandler
                0x00000000080030f8                SPI1_IRQHandler
                0x00000000080030f8                TIM6_DAC_IRQHandler
                0x00000000080030f8                TIM1_BRK_TIM9_IRQHandler
                0x00000000080030f8                DCMI_IRQHandler
                0x00000000080030f8                CAN2_RX0_IRQHandler
                0x00000000080030f8                DMA2_Stream3_IRQHandler
                0x00000000080030f8                SAI2_IRQHandler
                0x00000000080030f8                DFSDM1_FLT3_IRQHandler
                0x00000000080030f8                USART6_IRQHandler
                0x00000000080030f8                CAN3_RX0_IRQHandler
                0x00000000080030f8                USART3_IRQHandler
                0x00000000080030f8                CAN1_RX1_IRQHandler
                0x00000000080030f8                UART5_IRQHandler
                0x00000000080030f8                DMA2_Stream0_IRQHandler
                0x00000000080030f8                TIM4_IRQHandler
                0x00000000080030f8                QUADSPI_IRQHandler
                0x00000000080030f8                I2C1_EV_IRQHandler
                0x00000000080030f8                DMA1_Stream6_IRQHandler
                0x00000000080030f8                DMA1_Stream1_IRQHandler
                0x00000000080030f8                UART4_IRQHandler
                0x00000000080030f8                TIM3_IRQHandler
                0x00000000080030f8                RCC_IRQHandler
                0x00000000080030f8                TIM8_BRK_TIM12_IRQHandler
                0x00000000080030f8                Default_Handler
                0x00000000080030f8                CEC_IRQHandler
                0x00000000080030f8                EXTI15_10_IRQHandler
                0x00000000080030f8                ADC_IRQHandler
                0x00000000080030f8                DMA1_Stream7_IRQHandler
                0x00000000080030f8                SPI5_IRQHandler
                0x00000000080030f8                TIM7_IRQHandler
                0x00000000080030f8                SDMMC1_IRQHandler
                0x00000000080030f8                CAN2_TX_IRQHandler
                0x00000000080030f8                TIM5_IRQHandler
                0x00000000080030f8                DMA2_Stream7_IRQHandler
                0x00000000080030f8                I2C3_EV_IRQHandler
                0x00000000080030f8                EXTI9_5_IRQHandler
                0x00000000080030f8                RTC_WKUP_IRQHandler
                0x00000000080030f8                LTDC_IRQHandler
                0x00000000080030f8                ETH_WKUP_IRQHandler
                0x00000000080030f8                SPDIF_RX_IRQHandler
                0x00000000080030f8                SPI2_IRQHandler
                0x00000000080030f8                OTG_HS_EP1_IN_IRQHandler
                0x00000000080030f8                DMA1_Stream0_IRQHandler
                0x00000000080030f8                CAN1_TX_IRQHandler
                0x00000000080030f8                EXTI4_IRQHandler
                0x00000000080030f8                RNG_IRQHandler
                0x00000000080030f8                ETH_IRQHandler
                0x00000000080030f8                OTG_HS_EP1_OUT_IRQHandler
                0x00000000080030f8                WWDG_IRQHandler
                0x00000000080030f8                SPI6_IRQHandler
                0x00000000080030f8                MDIOS_IRQHandler
                0x00000000080030f8                I2C4_EV_IRQHandler
                0x00000000080030f8                CAN3_TX_IRQHandler
                0x00000000080030f8                TIM2_IRQHandler
                0x00000000080030f8                OTG_FS_WKUP_IRQHandler
                0x00000000080030f8                TIM1_TRG_COM_TIM11_IRQHandler
                0x00000000080030f8                OTG_HS_IRQHandler
                0x00000000080030f8                DMA2D_IRQHandler
                0x00000000080030f8                EXTI1_IRQHandler
                0x00000000080030f8                SDMMC2_IRQHandler
                0x00000000080030f8                UART7_IRQHandler
                0x00000000080030f8                USART2_IRQHandler
                0x00000000080030f8                DFSDM1_FLT0_IRQHandler
                0x00000000080030f8                I2C2_ER_IRQHandler
                0x00000000080030f8                DMA2_Stream1_IRQHandler
                0x00000000080030f8                CAN1_SCE_IRQHandler
                0x00000000080030f8                FLASH_IRQHandler
                0x00000000080030f8                DMA2_Stream4_IRQHandler
                0x00000000080030f8                USART1_IRQHandler
                0x00000000080030f8                OTG_FS_IRQHandler
                0x00000000080030f8                SPI3_IRQHandler
                0x00000000080030f8                DMA1_Stream4_IRQHandler
                0x00000000080030f8                I2C1_ER_IRQHandler
                0x00000000080030f8                FMC_IRQHandler
                0x00000000080030f8                LPTIM1_IRQHandler
                0x00000000080030f8                I2C4_ER_IRQHandler
                0x00000000080030f8                DMA2_Stream6_IRQHandler
                0x00000000080030f8                SAI1_IRQHandler
                0x00000000080030f8                RTC_Alarm_IRQHandler
 *fill*         0x00000000080030fa        0x2 
 .text.__libc_init_array
                0x00000000080030fc       0x48 /usr/local/Cellar/arm-none-eabi-gcc/8-2018-q4-major/gcc/bin/../lib/gcc/arm-none-eabi/8.2.1/../../../../arm-none-eabi/lib/thumb/v7e-m+dp/hard/libc_nano.a(lib_a-init.o)
                0x00000000080030fc                __libc_init_array
 .text.memset   0x0000000008003144       0x10 /usr/local/Cellar/arm-none-eabi-gcc/8-2018-q4-major/gcc/bin/../lib/gcc/arm-none-eabi/8.2.1/../../../../arm-none-eabi/lib/thumb/v7e-m+dp/hard/libc_nano.a(lib_a-memset.o)
                0x0000000008003144                memset
 .text.rand     0x0000000008003154       0x68 /usr/local/Cellar/arm-none-eabi-gcc/8-2018-q4-major/gcc/bin/../lib/gcc/arm-none-eabi/8.2.1/../../../../arm-none-eabi/lib/thumb/v7e-m+dp/hard/libc_nano.a(lib_a-rand.o)
                0x0000000008003154                rand
 .text._vsprintf_r
                0x00000000080031bc       0x2c /usr/local/Cellar/arm-none-eabi-gcc/8-2018-q4-major/gcc/bin/../lib/gcc/arm-none-eabi/8.2.1/../../../../arm-none-eabi/lib/thumb/v7e-m+dp/hard/libc_nano.a(lib_a-vsprintf.o)
                0x00000000080031bc                _vsiprintf_r
                0x00000000080031bc                _vsprintf_r
 .text.vsprintf
                0x00000000080031e8       0x14 /usr/local/Cellar/arm-none-eabi-gcc/8-2018-q4-major/gcc/bin/../lib/gcc/arm-none-eabi/8.2.1/../../../../arm-none-eabi/lib/thumb/v7e-m+dp/hard/libc_nano.a(lib_a-vsprintf.o)
                0x00000000080031e8                vsprintf
                0x00000000080031e8                vsiprintf
 .text.malloc   0x00000000080031fc       0x10 /usr/local/Cellar/arm-none-eabi-gcc/8-2018-q4-major/gcc/bin/../lib/gcc/arm-none-eabi/8.2.1/../../../../arm-none-eabi/lib/thumb/v7e-m+dp/hard/libc_nano.a(lib_a-malloc.o)
                0x00000000080031fc                malloc
 .text._free_r  0x000000000800320c       0x9c /usr/local/Cellar/arm-none-eabi-gcc/8-2018-q4-major/gcc/bin/../lib/gcc/arm-none-eabi/8.2.1/../../../../arm-none-eabi/lib/thumb/v7e-m+dp/hard/libc_nano.a(lib_a-nano-freer.o)
                0x000000000800320c                _free_r
 .text._malloc_r
                0x00000000080032a8       0xb4 /usr/local/Cellar/arm-none-eabi-gcc/8-2018-q4-major/gcc/bin/../lib/gcc/arm-none-eabi/8.2.1/../../../../arm-none-eabi/lib/thumb/v7e-m+dp/hard/libc_nano.a(lib_a-nano-mallocr.o)
                0x00000000080032a8                _malloc_r
 .text.__ssputs_r
                0x000000000800335c       0xb6 /usr/local/Cellar/arm-none-eabi-gcc/8-2018-q4-major/gcc/bin/../lib/gcc/arm-none-eabi/8.2.1/../../../../arm-none-eabi/lib/thumb/v7e-m+dp/hard/libc_nano.a(lib_a-nano-svfprintf.o)
                0x000000000800335c                __ssputs_r
 *fill*         0x0000000008003412        0x2 
 .text._svfprintf_r
                0x0000000008003414      0x1f0 /usr/local/Cellar/arm-none-eabi-gcc/8-2018-q4-major/gcc/bin/../lib/gcc/arm-none-eabi/8.2.1/../../../../arm-none-eabi/lib/thumb/v7e-m+dp/hard/libc_nano.a(lib_a-nano-svfprintf.o)
                0x0000000008003414                _svfprintf_r
                0x0000000008003414                _svfiprintf_r
 .text._printf_common
                0x0000000008003604       0xea /usr/local/Cellar/arm-none-eabi-gcc/8-2018-q4-major/gcc/bin/../lib/gcc/arm-none-eabi/8.2.1/../../../../arm-none-eabi/lib/thumb/v7e-m+dp/hard/libc_nano.a(lib_a-nano-vfprintf_i.o)
                0x0000000008003604                _printf_common
 *fill*         0x00000000080036ee        0x2 
 .text._printf_i
                0x00000000080036f0      0x228 /usr/local/Cellar/arm-none-eabi-gcc/8-2018-q4-major/gcc/bin/../lib/gcc/arm-none-eabi/8.2.1/../../../../arm-none-eabi/lib/thumb/v7e-m+dp/hard/libc_nano.a(lib_a-nano-vfprintf_i.o)
                0x00000000080036f0                _printf_i
 .text._sbrk_r  0x0000000008003918       0x20 /usr/local/Cellar/arm-none-eabi-gcc/8-2018-q4-major/gcc/bin/../lib/gcc/arm-none-eabi/8.2.1/../../../../arm-none-eabi/lib/thumb/v7e-m+dp/hard/libc_nano.a(lib_a-sbrkr.o)
                0x0000000008003918                _sbrk_r
 .text.memcpy   0x0000000008003938       0x1c /usr/local/Cellar/arm-none-eabi-gcc/8-2018-q4-major/gcc/bin/../lib/gcc/arm-none-eabi/8.2.1/../../../../arm-none-eabi/lib/thumb/v7e-m+dp/hard/libc_nano.a(lib_a-memcpy-stub.o)
                0x0000000008003938                memcpy
 .text.memmove  0x0000000008003954       0x34 /usr/local/Cellar/arm-none-eabi-gcc/8-2018-q4-major/gcc/bin/../lib/gcc/arm-none-eabi/8.2.1/../../../../arm-none-eabi/lib/thumb/v7e-m+dp/hard/libc_nano.a(lib_a-memmove.o)
                0x0000000008003954                memmove
 .text.__malloc_lock
                0x0000000008003988        0xc /usr/local/Cellar/arm-none-eabi-gcc/8-2018-q4-major/gcc/bin/../lib/gcc/arm-none-eabi/8.2.1/../../../../arm-none-eabi/lib/thumb/v7e-m+dp/hard/libc_nano.a(lib_a-mlock.o)
                0x0000000008003988                __malloc_lock
 .text.__malloc_unlock
                0x0000000008003994        0xc /usr/local/Cellar/arm-none-eabi-gcc/8-2018-q4-major/gcc/bin/../lib/gcc/arm-none-eabi/8.2.1/../../../../arm-none-eabi/lib/thumb/v7e-m+dp/hard/libc_nano.a(lib_a-mlock.o)
                0x0000000008003994                __malloc_unlock
 .text._realloc_r
                0x00000000080039a0       0x4c /usr/local/Cellar/arm-none-eabi-gcc/8-2018-q4-major/gcc/bin/../lib/gcc/arm-none-eabi/8.2.1/../../../../arm-none-eabi/lib/thumb/v7e-m+dp/hard/libc_nano.a(lib_a-nano-reallocr.o)
                0x00000000080039a0                _realloc_r
 .text.__retarget_lock_acquire_recursive
                0x00000000080039ec        0x2 /usr/local/Cellar/arm-none-eabi-gcc/8-2018-q4-major/gcc/bin/../lib/gcc/arm-none-eabi/8.2.1/../../../../arm-none-eabi/lib/thumb/v7e-m+dp/hard/libc_nano.a(lib_a-lock.o)
                0x00000000080039ec                __retarget_lock_acquire_recursive
 .text.__retarget_lock_release_recursive
                0x00000000080039ee        0x2 /usr/local/Cellar/arm-none-eabi-gcc/8-2018-q4-major/gcc/bin/../lib/gcc/arm-none-eabi/8.2.1/../../../../arm-none-eabi/lib/thumb/v7e-m+dp/hard/libc_nano.a(lib_a-lock.o)
                0x00000000080039ee                __retarget_lock_release_recursive
 .text._malloc_usable_size_r
                0x00000000080039f0       0x10 /usr/local/Cellar/arm-none-eabi-gcc/8-2018-q4-major/gcc/bin/../lib/gcc/arm-none-eabi/8.2.1/../../../../arm-none-eabi/lib/thumb/v7e-m+dp/hard/libc_nano.a(lib_a-nano-msizer.o)
                0x00000000080039f0                _malloc_usable_size_r
 .text._sbrk    0x0000000008003a00       0x1c /usr/local/Cellar/arm-none-eabi-gcc/8-2018-q4-major/gcc/bin/../lib/gcc/arm-none-eabi/8.2.1/../../../../arm-none-eabi/lib/thumb/v7e-m+dp/hard/libnosys.a(sbrk.o)
                0x0000000008003a00                _sbrk
 *(.glue_7)
 .glue_7        0x0000000008003a1c        0x0 linker stubs
 *(.glue_7t)
 .glue_7t       0x0000000008003a1c        0x0 linker stubs
 *(.eh_frame)
 .eh_frame      0x0000000008003a1c        0x0 /usr/local/Cellar/arm-none-eabi-gcc/8-2018-q4-major/gcc/bin/../lib/gcc/arm-none-eabi/8.2.1/thumb/v7e-m+dp/hard/crtbegin.o
 *(.init)
 .init          0x0000000008003a1c        0x4 /usr/local/Cellar/arm-none-eabi-gcc/8-2018-q4-major/gcc/bin/../lib/gcc/arm-none-eabi/8.2.1/thumb/v7e-m+dp/hard/crti.o
                0x0000000008003a1c                _init
 .init          0x0000000008003a20        0x8 /usr/local/Cellar/arm-none-eabi-gcc/8-2018-q4-major/gcc/bin/../lib/gcc/arm-none-eabi/8.2.1/thumb/v7e-m+dp/hard/crtn.o
 *(.fini)
 .fini          0x0000000008003a28        0x4 /usr/local/Cellar/arm-none-eabi-gcc/8-2018-q4-major/gcc/bin/../lib/gcc/arm-none-eabi/8.2.1/thumb/v7e-m+dp/hard/crti.o
                0x0000000008003a28                _fini
 .fini          0x0000000008003a2c        0x8 /usr/local/Cellar/arm-none-eabi-gcc/8-2018-q4-major/gcc/bin/../lib/gcc/arm-none-eabi/8.2.1/thumb/v7e-m+dp/hard/crtn.o
                0x0000000008003a34                . = ALIGN (0x4)
                0x0000000008003a34                _etext = .

.vfp11_veneer   0x0000000008003a34        0x0
 .vfp11_veneer  0x0000000008003a34        0x0 linker stubs

.v4_bx          0x0000000008003a34        0x0
 .v4_bx         0x0000000008003a34        0x0 linker stubs

.iplt           0x0000000008003a34        0x0
 .iplt          0x0000000008003a34        0x0 /usr/local/Cellar/arm-none-eabi-gcc/8-2018-q4-major/gcc/bin/../lib/gcc/arm-none-eabi/8.2.1/thumb/v7e-m+dp/hard/crtbegin.o

.rodata         0x0000000008003a34     0x25a4
                0x0000000008003a34                . = ALIGN (0x4)
 *(.rodata)
 *(.rodata*)
 .rodata.Arial12x12
                0x0000000008003a34      0x964 build/main.o
                0x0000000008003a34                Arial12x12
 .rodata.Arial24x23
                0x0000000008004398     0x1b64 build/main.o
                0x0000000008004398                Arial24x23
 .rodata.drawPilars.str1.4
                0x0000000008005efc        0xc build/main.o
 .rodata.gameOver.str1.4
                0x0000000008005f08       0x1a build/main.o
 *fill*         0x0000000008005f22        0x2 
 .rodata.initiateGame.str1.4
                0x0000000008005f24       0x19 build/main.o
 *fill*         0x0000000008005f3d        0x3 
 .rodata.main.str1.4
                0x0000000008005f40       0x33 build/main.o
 *fill*         0x0000000008005f73        0x1 
 .rodata.AHBPrescTable
                0x0000000008005f74       0x10 build/system_stm32f7xx.o
                0x0000000008005f74                AHBPrescTable
 .rodata.Touch_ADS7843_TouchPanelCalibrate.str1.4
                0x0000000008005f84       0x20 build/Touch_ADS7843.o
                                         0x1d (size before relaxing)
 .rodata._svfprintf_r.str1.1
                0x0000000008005fa4       0x11 /usr/local/Cellar/arm-none-eabi-gcc/8-2018-q4-major/gcc/bin/../lib/gcc/arm-none-eabi/8.2.1/../../../../arm-none-eabi/lib/thumb/v7e-m+dp/hard/libc_nano.a(lib_a-nano-svfprintf.o)
 .rodata._printf_i.str1.1
                0x0000000008005fb5       0x22 /usr/local/Cellar/arm-none-eabi-gcc/8-2018-q4-major/gcc/bin/../lib/gcc/arm-none-eabi/8.2.1/../../../../arm-none-eabi/lib/thumb/v7e-m+dp/hard/libc_nano.a(lib_a-nano-vfprintf_i.o)
                0x0000000008005fd8                . = ALIGN (0x4)
 *fill*         0x0000000008005fd7        0x1 

.ARM.extab
 *(.ARM.extab* .gnu.linkonce.armextab.*)

.ARM            0x0000000008005fd8        0x8
                0x0000000008005fd8                __exidx_start = .
 *(.ARM.exidx*)
 .ARM.exidx     0x0000000008005fd8        0x8 /usr/local/Cellar/arm-none-eabi-gcc/8-2018-q4-major/gcc/bin/../lib/gcc/arm-none-eabi/8.2.1/thumb/v7e-m+dp/hard/libgcc.a(_udivmoddi4.o)
                0x0000000008005fe0                __exidx_end = .

.rel.dyn        0x0000000008005fe0        0x0
 .rel.iplt      0x0000000008005fe0        0x0 /usr/local/Cellar/arm-none-eabi-gcc/8-2018-q4-major/gcc/bin/../lib/gcc/arm-none-eabi/8.2.1/thumb/v7e-m+dp/hard/crtbegin.o

.preinit_array  0x0000000008005fe0        0x0
                0x0000000008005fe0                PROVIDE (__preinit_array_start = .)
 *(.preinit_array*)
                0x0000000008005fe0                PROVIDE (__preinit_array_end = .)

.init_array     0x0000000008005fe0        0x4
                0x0000000008005fe0                PROVIDE (__init_array_start = .)
 *(SORT_BY_NAME(.init_array.*))
 *(.init_array*)
 .init_array    0x0000000008005fe0        0x4 /usr/local/Cellar/arm-none-eabi-gcc/8-2018-q4-major/gcc/bin/../lib/gcc/arm-none-eabi/8.2.1/thumb/v7e-m+dp/hard/crtbegin.o
                0x0000000008005fe4                PROVIDE (__init_array_end = .)

.fini_array     0x0000000008005fe4        0x4
                [!provide]                        PROVIDE (__fini_array_start = .)
 *(SORT_BY_NAME(.fini_array.*))
 *(.fini_array*)
 .fini_array    0x0000000008005fe4        0x4 /usr/local/Cellar/arm-none-eabi-gcc/8-2018-q4-major/gcc/bin/../lib/gcc/arm-none-eabi/8.2.1/thumb/v7e-m+dp/hard/crtbegin.o
                [!provide]                        PROVIDE (__fini_array_end = .)
                0x0000000008005fe8                _sidata = LOADADDR (.data)

.data           0x0000000020000000       0x80 load address 0x0000000008005fe8
                0x0000000020000000                . = ALIGN (0x4)
                0x0000000020000000                _sdata = .
 *(.data)
 *(.data*)
 .data.movingRate
                0x0000000020000000        0x4 build/main.o
                0x0000000020000000                movingRate
 .data.xP       0x0000000020000004        0x4 build/main.o
                0x0000000020000004                xP
 .data.yB       0x0000000020000008        0x4 build/main.o
                0x0000000020000008                yB
 .data.yP       0x000000002000000c        0x4 build/main.o
                0x000000002000000c                yP
 .data.uwTickFreq
                0x0000000020000010        0x1 build/stm32f7xx_hal.o
                0x0000000020000010                uwTickFreq
 *fill*         0x0000000020000011        0x3 
 .data.uwTickPrio
                0x0000000020000014        0x4 build/stm32f7xx_hal.o
                0x0000000020000014                uwTickPrio
 .data.SystemCoreClock
                0x0000000020000018        0x4 build/system_stm32f7xx.o
                0x0000000020000018                SystemCoreClock
 .data._impure_ptr
                0x000000002000001c        0x4 /usr/local/Cellar/arm-none-eabi-gcc/8-2018-q4-major/gcc/bin/../lib/gcc/arm-none-eabi/8.2.1/../../../../arm-none-eabi/lib/thumb/v7e-m+dp/hard/libc_nano.a(lib_a-impure.o)
                0x000000002000001c                _impure_ptr
 .data.impure_data
                0x0000000020000020       0x60 /usr/local/Cellar/arm-none-eabi-gcc/8-2018-q4-major/gcc/bin/../lib/gcc/arm-none-eabi/8.2.1/../../../../arm-none-eabi/lib/thumb/v7e-m+dp/hard/libc_nano.a(lib_a-impure.o)
                0x0000000020000080                . = ALIGN (0x4)
                0x0000000020000080                _edata = .

.igot.plt       0x0000000020000080        0x0 load address 0x0000000008006068
 .igot.plt      0x0000000020000080        0x0 /usr/local/Cellar/arm-none-eabi-gcc/8-2018-q4-major/gcc/bin/../lib/gcc/arm-none-eabi/8.2.1/thumb/v7e-m+dp/hard/crtbegin.o
                0x0000000020000080                . = ALIGN (0x4)

.bss            0x0000000020000080      0x528 load address 0x0000000008006068
                0x0000000020000080                _sbss = .
                0x0000000020000080                __bss_start__ = _sbss
 *(.bss)
 .bss           0x0000000020000080       0x1c /usr/local/Cellar/arm-none-eabi-gcc/8-2018-q4-major/gcc/bin/../lib/gcc/arm-none-eabi/8.2.1/thumb/v7e-m+dp/hard/crtbegin.o
 *(.bss*)
 .bss.fallRate  0x000000002000009c        0x4 build/main.o
                0x000000002000009c                fallRate
 .bss.fallRateInt
                0x00000000200000a0        0x4 build/main.o
                0x00000000200000a0                fallRateInt
 .bss.gameStarted
                0x00000000200000a4        0x1 build/main.o
                0x00000000200000a4                gameStarted
 *fill*         0x00000000200000a5        0x3 
 .bss.lastSpeedUpScore
                0x00000000200000a8        0x4 build/main.o
                0x00000000200000a8                lastSpeedUpScore
 .bss.ret.10531
                0x00000000200000ac        0x1 build/main.o
 *fill*         0x00000000200000ad        0x3 
 .bss.score     0x00000000200000b0        0x4 build/main.o
                0x00000000200000b0                score
 .bss._buf      0x00000000200000b4      0x280 build/SPI_TFT_ILI9341.o
 .bss._bufi     0x0000000020000334        0x4 build/SPI_TFT_ILI9341.o
 .bss.b.5884    0x0000000020000338       0x80 build/SPI_TFT_ILI9341.o
 .bss.i.5883    0x00000000200003b8        0x4 build/SPI_TFT_ILI9341.o
 .bss.n.5882    0x00000000200003bc        0x4 build/SPI_TFT_ILI9341.o
 .bss.__malloc_free_list
                0x00000000200003c0        0x4 /usr/local/Cellar/arm-none-eabi-gcc/8-2018-q4-major/gcc/bin/../lib/gcc/arm-none-eabi/8.2.1/../../../../arm-none-eabi/lib/thumb/v7e-m+dp/hard/libc_nano.a(lib_a-nano-mallocr.o)
                0x00000000200003c0                __malloc_free_list
 .bss.__malloc_sbrk_start
                0x00000000200003c4        0x4 /usr/local/Cellar/arm-none-eabi-gcc/8-2018-q4-major/gcc/bin/../lib/gcc/arm-none-eabi/8.2.1/../../../../arm-none-eabi/lib/thumb/v7e-m+dp/hard/libc_nano.a(lib_a-nano-mallocr.o)
                0x00000000200003c4                __malloc_sbrk_start
 .bss.heap_end.5501
                0x00000000200003c8        0x4 /usr/local/Cellar/arm-none-eabi-gcc/8-2018-q4-major/gcc/bin/../lib/gcc/arm-none-eabi/8.2.1/../../../../arm-none-eabi/lib/thumb/v7e-m+dp/hard/libnosys.a(sbrk.o)
 *(COMMON)
 COMMON         0x00000000200003cc      0x100 build/main.o
                0x00000000200003cc                x
                0x00000000200003d0                TFT
                0x0000000020000414                y
                0x0000000020000418                s
                0x0000000020000458                highestScore
                0x000000002000045c                TP
 COMMON         0x00000000200004cc       0xc8 build/spi.o
                0x00000000200004cc                hspi6
                0x0000000020000530                hspi3
 COMMON         0x0000000020000594        0x4 build/stm32f7xx_hal.o
                0x0000000020000594                uwTick
 COMMON         0x0000000020000598        0x4 /usr/local/Cellar/arm-none-eabi-gcc/8-2018-q4-major/gcc/bin/../lib/gcc/arm-none-eabi/8.2.1/../../../../arm-none-eabi/lib/thumb/v7e-m+dp/hard/libc_nano.a(lib_a-reent.o)
                0x0000000020000598                errno
 COMMON         0x000000002000059c        0x9 /usr/local/Cellar/arm-none-eabi-gcc/8-2018-q4-major/gcc/bin/../lib/gcc/arm-none-eabi/8.2.1/../../../../arm-none-eabi/lib/thumb/v7e-m+dp/hard/libc_nano.a(lib_a-lock.o)
                0x000000002000059c                __lock___atexit_recursive_mutex
                0x000000002000059d                __lock___arc4random_mutex
                0x000000002000059e                __lock___env_recursive_mutex
                0x000000002000059f                __lock___sinit_recursive_mutex
                0x00000000200005a0                __lock___malloc_recursive_mutex
                0x00000000200005a1                __lock___at_quick_exit_mutex
                0x00000000200005a2                __lock___dd_hash_mutex
                0x00000000200005a3                __lock___tz_mutex
                0x00000000200005a4                __lock___sfp_recursive_mutex
                0x00000000200005a8                . = ALIGN (0x4)
 *fill*         0x00000000200005a5        0x3 
                0x00000000200005a8                _ebss = .
                0x00000000200005a8                __bss_end__ = _ebss

._user_heap_stack
                0x00000000200005a8      0x600 load address 0x0000000008006068
                0x00000000200005a8                . = ALIGN (0x8)
                0x00000000200005a8                PROVIDE (end = .)
                [!provide]                        PROVIDE (_end = .)
                0x00000000200007a8                . = (. + _Min_Heap_Size)
 *fill*         0x00000000200005a8      0x200 
                0x0000000020000ba8                . = (. + _Min_Stack_Size)
 *fill*         0x00000000200007a8      0x400 
                0x0000000020000ba8                . = ALIGN (0x8)

/DISCARD/
 libc.a(*)
 libm.a(*)
 libgcc.a(*)

.ARM.attributes
                0x0000000000000000       0x2e
 *(.ARM.attributes)
 .ARM.attributes
                0x0000000000000000       0x1e /usr/local/Cellar/arm-none-eabi-gcc/8-2018-q4-major/gcc/bin/../lib/gcc/arm-none-eabi/8.2.1/thumb/v7e-m+dp/hard/crti.o
 .ARM.attributes
                0x000000000000001e       0x32 /usr/local/Cellar/arm-none-eabi-gcc/8-2018-q4-major/gcc/bin/../lib/gcc/arm-none-eabi/8.2.1/thumb/v7e-m+dp/hard/crtbegin.o
 .ARM.attributes
                0x0000000000000050       0x32 build/main.o
 .ARM.attributes
                0x0000000000000082       0x32 build/gpio.o
 .ARM.attributes
                0x00000000000000b4       0x32 build/spi.o
 .ARM.attributes
                0x00000000000000e6       0x32 build/stm32f7xx_it.o
 .ARM.attributes
                0x0000000000000118       0x32 build/stm32f7xx_hal_msp.o
 .ARM.attributes
                0x000000000000014a       0x32 build/stm32f7xx_hal_cortex.o
 .ARM.attributes
                0x000000000000017c       0x32 build/stm32f7xx_hal_spi.o
 .ARM.attributes
                0x00000000000001ae       0x32 build/stm32f7xx_hal_rcc.o
 .ARM.attributes
                0x00000000000001e0       0x32 build/stm32f7xx_hal_gpio.o
 .ARM.attributes
                0x0000000000000212       0x32 build/stm32f7xx_hal_pwr_ex.o
 .ARM.attributes
                0x0000000000000244       0x32 build/stm32f7xx_hal.o
 .ARM.attributes
                0x0000000000000276       0x32 build/system_stm32f7xx.o
 .ARM.attributes
                0x00000000000002a8       0x32 build/SPI_TFT_ILI9341.o
 .ARM.attributes
                0x00000000000002da       0x32 build/Touch_ADS7843.o
 .ARM.attributes
                0x000000000000030c       0x21 build/startup_stm32f767xx.o
 .ARM.attributes
                0x000000000000032d       0x30 /usr/local/Cellar/arm-none-eabi-gcc/8-2018-q4-major/gcc/bin/../lib/gcc/arm-none-eabi/8.2.1/../../../../arm-none-eabi/lib/thumb/v7e-m+dp/hard/libc_nano.a(lib_a-impure.o)
 .ARM.attributes
                0x000000000000035d       0x32 /usr/local/Cellar/arm-none-eabi-gcc/8-2018-q4-major/gcc/bin/../lib/gcc/arm-none-eabi/8.2.1/../../../../arm-none-eabi/lib/thumb/v7e-m+dp/hard/libc_nano.a(lib_a-init.o)
 .ARM.attributes
                0x000000000000038f       0x32 /usr/local/Cellar/arm-none-eabi-gcc/8-2018-q4-major/gcc/bin/../lib/gcc/arm-none-eabi/8.2.1/../../../../arm-none-eabi/lib/thumb/v7e-m+dp/hard/libc_nano.a(lib_a-memset.o)
 .ARM.attributes
                0x00000000000003c1       0x32 /usr/local/Cellar/arm-none-eabi-gcc/8-2018-q4-major/gcc/bin/../lib/gcc/arm-none-eabi/8.2.1/../../../../arm-none-eabi/lib/thumb/v7e-m+dp/hard/libc_nano.a(lib_a-rand.o)
 .ARM.attributes
                0x00000000000003f3       0x32 /usr/local/Cellar/arm-none-eabi-gcc/8-2018-q4-major/gcc/bin/../lib/gcc/arm-none-eabi/8.2.1/../../../../arm-none-eabi/lib/thumb/v7e-m+dp/hard/libc_nano.a(lib_a-vsprintf.o)
 .ARM.attributes
                0x0000000000000425       0x32 /usr/local/Cellar/arm-none-eabi-gcc/8-2018-q4-major/gcc/bin/../lib/gcc/arm-none-eabi/8.2.1/../../../../arm-none-eabi/lib/thumb/v7e-m+dp/hard/libc_nano.a(lib_a-malloc.o)
 .ARM.attributes
                0x0000000000000457       0x32 /usr/local/Cellar/arm-none-eabi-gcc/8-2018-q4-major/gcc/bin/../lib/gcc/arm-none-eabi/8.2.1/../../../../arm-none-eabi/lib/thumb/v7e-m+dp/hard/libc_nano.a(lib_a-nano-freer.o)
 .ARM.attributes
                0x0000000000000489       0x32 /usr/local/Cellar/arm-none-eabi-gcc/8-2018-q4-major/gcc/bin/../lib/gcc/arm-none-eabi/8.2.1/../../../../arm-none-eabi/lib/thumb/v7e-m+dp/hard/libc_nano.a(lib_a-nano-mallocr.o)
 .ARM.attributes
                0x00000000000004bb       0x32 /usr/local/Cellar/arm-none-eabi-gcc/8-2018-q4-major/gcc/bin/../lib/gcc/arm-none-eabi/8.2.1/../../../../arm-none-eabi/lib/thumb/v7e-m+dp/hard/libc_nano.a(lib_a-nano-svfprintf.o)
 .ARM.attributes
                0x00000000000004ed       0x32 /usr/local/Cellar/arm-none-eabi-gcc/8-2018-q4-major/gcc/bin/../lib/gcc/arm-none-eabi/8.2.1/../../../../arm-none-eabi/lib/thumb/v7e-m+dp/hard/libc_nano.a(lib_a-nano-vfprintf_i.o)
 .ARM.attributes
                0x000000000000051f       0x32 /usr/local/Cellar/arm-none-eabi-gcc/8-2018-q4-major/gcc/bin/../lib/gcc/arm-none-eabi/8.2.1/../../../../arm-none-eabi/lib/thumb/v7e-m+dp/hard/libc_nano.a(lib_a-sbrkr.o)
 .ARM.attributes
                0x0000000000000551       0x1c /usr/local/Cellar/arm-none-eabi-gcc/8-2018-q4-major/gcc/bin/../lib/gcc/arm-none-eabi/8.2.1/../../../../arm-none-eabi/lib/thumb/v7e-m+dp/hard/libc_nano.a(lib_a-memchr.o)
 .ARM.attributes
                0x000000000000056d       0x32 /usr/local/Cellar/arm-none-eabi-gcc/8-2018-q4-major/gcc/bin/../lib/gcc/arm-none-eabi/8.2.1/../../../../arm-none-eabi/lib/thumb/v7e-m+dp/hard/libc_nano.a(lib_a-memcpy-stub.o)
 .ARM.attributes
                0x000000000000059f       0x32 /usr/local/Cellar/arm-none-eabi-gcc/8-2018-q4-major/gcc/bin/../lib/gcc/arm-none-eabi/8.2.1/../../../../arm-none-eabi/lib/thumb/v7e-m+dp/hard/libc_nano.a(lib_a-memmove.o)
 .ARM.attributes
                0x00000000000005d1       0x32 /usr/local/Cellar/arm-none-eabi-gcc/8-2018-q4-major/gcc/bin/../lib/gcc/arm-none-eabi/8.2.1/../../../../arm-none-eabi/lib/thumb/v7e-m+dp/hard/libc_nano.a(lib_a-mlock.o)
 .ARM.attributes
                0x0000000000000603       0x32 /usr/local/Cellar/arm-none-eabi-gcc/8-2018-q4-major/gcc/bin/../lib/gcc/arm-none-eabi/8.2.1/../../../../arm-none-eabi/lib/thumb/v7e-m+dp/hard/libc_nano.a(lib_a-nano-reallocr.o)
 .ARM.attributes
                0x0000000000000635       0x32 /usr/local/Cellar/arm-none-eabi-gcc/8-2018-q4-major/gcc/bin/../lib/gcc/arm-none-eabi/8.2.1/../../../../arm-none-eabi/lib/thumb/v7e-m+dp/hard/libc_nano.a(lib_a-reent.o)
 .ARM.attributes
                0x0000000000000667       0x32 /usr/local/Cellar/arm-none-eabi-gcc/8-2018-q4-major/gcc/bin/../lib/gcc/arm-none-eabi/8.2.1/../../../../arm-none-eabi/lib/thumb/v7e-m+dp/hard/libc_nano.a(lib_a-lock.o)
 .ARM.attributes
                0x0000000000000699       0x32 /usr/local/Cellar/arm-none-eabi-gcc/8-2018-q4-major/gcc/bin/../lib/gcc/arm-none-eabi/8.2.1/../../../../arm-none-eabi/lib/thumb/v7e-m+dp/hard/libc_nano.a(lib_a-nano-msizer.o)
 .ARM.attributes
                0x00000000000006cb       0x32 /usr/local/Cellar/arm-none-eabi-gcc/8-2018-q4-major/gcc/bin/../lib/gcc/arm-none-eabi/8.2.1/../../../../arm-none-eabi/lib/thumb/v7e-m+dp/hard/libnosys.a(sbrk.o)
 .ARM.attributes
                0x00000000000006fd       0x1e /usr/local/Cellar/arm-none-eabi-gcc/8-2018-q4-major/gcc/bin/../lib/gcc/arm-none-eabi/8.2.1/thumb/v7e-m+dp/hard/libgcc.a(_aeabi_uldivmod.o)
 .ARM.attributes
                0x000000000000071b       0x32 /usr/local/Cellar/arm-none-eabi-gcc/8-2018-q4-major/gcc/bin/../lib/gcc/arm-none-eabi/8.2.1/thumb/v7e-m+dp/hard/libgcc.a(_udivmoddi4.o)
 .ARM.attributes
                0x000000000000074d       0x1e /usr/local/Cellar/arm-none-eabi-gcc/8-2018-q4-major/gcc/bin/../lib/gcc/arm-none-eabi/8.2.1/thumb/v7e-m+dp/hard/libgcc.a(_dvmd_tls.o)
 .ARM.attributes
                0x000000000000076b       0x1e /usr/local/Cellar/arm-none-eabi-gcc/8-2018-q4-major/gcc/bin/../lib/gcc/arm-none-eabi/8.2.1/thumb/v7e-m+dp/hard/crtn.o
OUTPUT(build/target.elf elf32-littlearm)

.debug_info     0x0000000000000000    0x2a725
 .debug_info    0x0000000000000000    0x1ec9b build/main.o
 .debug_info    0x000000000001ec9b      0x7da build/gpio.o
 .debug_info    0x000000000001f475      0xd26 build/spi.o
 .debug_info    0x000000000002019b      0x271 build/stm32f7xx_it.o
 .debug_info    0x000000000002040c      0x418 build/stm32f7xx_hal_msp.o
 .debug_info    0x0000000000020824     0x150e build/stm32f7xx_hal_cortex.o
 .debug_info    0x0000000000021d32     0x2376 build/stm32f7xx_hal_spi.o
 .debug_info    0x00000000000240a8      0xd76 build/stm32f7xx_hal_rcc.o
 .debug_info    0x0000000000024e1e      0x958 build/stm32f7xx_hal_gpio.o
 .debug_info    0x0000000000025776      0xbfd build/stm32f7xx_hal_pwr_ex.o
 .debug_info    0x0000000000026373      0xc66 build/stm32f7xx_hal.o
 .debug_info    0x0000000000026fd9      0x88c build/system_stm32f7xx.o
 .debug_info    0x0000000000027865     0x2090 build/SPI_TFT_ILI9341.o
 .debug_info    0x00000000000298f5      0xe0e build/Touch_ADS7843.o
 .debug_info    0x000000000002a703       0x22 build/startup_stm32f767xx.o

.debug_abbrev   0x0000000000000000     0x2038
 .debug_abbrev  0x0000000000000000      0x3e3 build/main.o
 .debug_abbrev  0x00000000000003e3      0x17e build/gpio.o
 .debug_abbrev  0x0000000000000561      0x1f1 build/spi.o
 .debug_abbrev  0x0000000000000752       0xf2 build/stm32f7xx_it.o
 .debug_abbrev  0x0000000000000844      0x11c build/stm32f7xx_hal_msp.o
 .debug_abbrev  0x0000000000000960      0x3b3 build/stm32f7xx_hal_cortex.o
 .debug_abbrev  0x0000000000000d13      0x2b8 build/stm32f7xx_hal_spi.o
 .debug_abbrev  0x0000000000000fcb      0x2fe build/stm32f7xx_hal_rcc.o
 .debug_abbrev  0x00000000000012c9      0x258 build/stm32f7xx_hal_gpio.o
 .debug_abbrev  0x0000000000001521      0x1de build/stm32f7xx_hal_pwr_ex.o
 .debug_abbrev  0x00000000000016ff      0x21c build/stm32f7xx_hal.o
 .debug_abbrev  0x000000000000191b      0x159 build/system_stm32f7xx.o
 .debug_abbrev  0x0000000000001a74      0x2fd build/SPI_TFT_ILI9341.o
 .debug_abbrev  0x0000000000001d71      0x2b5 build/Touch_ADS7843.o
 .debug_abbrev  0x0000000000002026       0x12 build/startup_stm32f767xx.o

.debug_loc      0x0000000000000000     0x7778
 .debug_loc     0x0000000000000000      0x42d build/main.o
 .debug_loc     0x000000000000042d       0x39 build/gpio.o
 .debug_loc     0x0000000000000466      0x162 build/spi.o
 .debug_loc     0x00000000000005c8       0x20 build/stm32f7xx_it.o
 .debug_loc     0x00000000000005e8       0x2c build/stm32f7xx_hal_msp.o
 .debug_loc     0x0000000000000614      0x780 build/stm32f7xx_hal_cortex.o
 .debug_loc     0x0000000000000d94     0x26e3 build/stm32f7xx_hal_spi.o
 .debug_loc     0x0000000000003477      0x79c build/stm32f7xx_hal_rcc.o
 .debug_loc     0x0000000000003c13      0x5fe build/stm32f7xx_hal_gpio.o
 .debug_loc     0x0000000000004211      0x3ca build/stm32f7xx_hal_pwr_ex.o
 .debug_loc     0x00000000000045db      0x1cc build/stm32f7xx_hal.o
 .debug_loc     0x00000000000047a7      0x198 build/system_stm32f7xx.o
 .debug_loc     0x000000000000493f     0x1d86 build/SPI_TFT_ILI9341.o
 .debug_loc     0x00000000000066c5     0x10b3 build/Touch_ADS7843.o

.debug_aranges  0x0000000000000000      0x810
 .debug_aranges
                0x0000000000000000       0x90 build/main.o
 .debug_aranges
                0x0000000000000090       0x20 build/gpio.o
 .debug_aranges
                0x00000000000000b0       0x38 build/spi.o
 .debug_aranges
                0x00000000000000e8       0x60 build/stm32f7xx_it.o
 .debug_aranges
                0x0000000000000148       0x20 build/stm32f7xx_hal_msp.o
 .debug_aranges
                0x0000000000000168       0xa8 build/stm32f7xx_hal_cortex.o
 .debug_aranges
                0x0000000000000210      0x1d8 build/stm32f7xx_hal_spi.o
 .debug_aranges
                0x00000000000003e8       0x88 build/stm32f7xx_hal_rcc.o
 .debug_aranges
                0x0000000000000470       0x58 build/stm32f7xx_hal_gpio.o
 .debug_aranges
                0x00000000000004c8       0x80 build/stm32f7xx_hal_pwr_ex.o
 .debug_aranges
                0x0000000000000548      0x110 build/stm32f7xx_hal.o
 .debug_aranges
                0x0000000000000658       0x28 build/system_stm32f7xx.o
 .debug_aranges
                0x0000000000000680       0xf8 build/SPI_TFT_ILI9341.o
 .debug_aranges
                0x0000000000000778       0x70 build/Touch_ADS7843.o
 .debug_aranges
                0x00000000000007e8       0x28 build/startup_stm32f767xx.o

.debug_ranges   0x0000000000000000      0x770
 .debug_ranges  0x0000000000000000       0x80 build/main.o
 .debug_ranges  0x0000000000000080       0x10 build/gpio.o
 .debug_ranges  0x0000000000000090       0x28 build/spi.o
 .debug_ranges  0x00000000000000b8       0x50 build/stm32f7xx_it.o
 .debug_ranges  0x0000000000000108       0x10 build/stm32f7xx_hal_msp.o
 .debug_ranges  0x0000000000000118       0xe0 build/stm32f7xx_hal_cortex.o
 .debug_ranges  0x00000000000001f8      0x1c8 build/stm32f7xx_hal_spi.o
 .debug_ranges  0x00000000000003c0       0x78 build/stm32f7xx_hal_rcc.o
 .debug_ranges  0x0000000000000438       0x48 build/stm32f7xx_hal_gpio.o
 .debug_ranges  0x0000000000000480       0x70 build/stm32f7xx_hal_pwr_ex.o
 .debug_ranges  0x00000000000004f0      0x100 build/stm32f7xx_hal.o
 .debug_ranges  0x00000000000005f0       0x18 build/system_stm32f7xx.o
 .debug_ranges  0x0000000000000608       0xe8 build/SPI_TFT_ILI9341.o
 .debug_ranges  0x00000000000006f0       0x60 build/Touch_ADS7843.o
 .debug_ranges  0x0000000000000750       0x20 build/startup_stm32f767xx.o

.debug_line     0x0000000000000000     0x882c
 .debug_line    0x0000000000000000      0x855 build/main.o
 .debug_line    0x0000000000000855      0x47c build/gpio.o
 .debug_line    0x0000000000000cd1      0x4ea build/spi.o
 .debug_line    0x00000000000011bb      0x33c build/stm32f7xx_it.o
 .debug_line    0x00000000000014f7      0x297 build/stm32f7xx_hal_msp.o
 .debug_line    0x000000000000178e      0x8a8 build/stm32f7xx_hal_cortex.o
 .debug_line    0x0000000000002036     0x2836 build/stm32f7xx_hal_spi.o
 .debug_line    0x000000000000486c      0xd21 build/stm32f7xx_hal_rcc.o
 .debug_line    0x000000000000558d      0x814 build/stm32f7xx_hal_gpio.o
 .debug_line    0x0000000000005da1      0x65e build/stm32f7xx_hal_pwr_ex.o
 .debug_line    0x00000000000063ff      0x6b9 build/stm32f7xx_hal.o
 .debug_line    0x0000000000006ab8      0x38c build/system_stm32f7xx.o
 .debug_line    0x0000000000006e44      0xfe1 build/SPI_TFT_ILI9341.o
 .debug_line    0x0000000000007e25      0x993 build/Touch_ADS7843.o
 .debug_line    0x00000000000087b8       0x74 build/startup_stm32f767xx.o

.debug_str      0x0000000000000000     0x329e
 .debug_str     0x0000000000000000     0x133f build/main.o
                                       0x1483 (size before relaxing)
 .debug_str     0x000000000000133f       0xa7 build/gpio.o
                                        0x476 (size before relaxing)
 .debug_str     0x00000000000013e6       0x58 build/spi.o
                                        0x91b (size before relaxing)
 .debug_str     0x000000000000143e       0xb4 build/stm32f7xx_it.o
                                        0x330 (size before relaxing)
 .debug_str     0x00000000000014f2       0x29 build/stm32f7xx_hal_msp.o
                                        0x3c5 (size before relaxing)
 .debug_str     0x000000000000151b      0xc4c build/stm32f7xx_hal_cortex.o
                                        0xf56 (size before relaxing)
 .debug_str     0x0000000000002167      0x5d4 build/stm32f7xx_hal_spi.o
                                        0xd3e (size before relaxing)
 .debug_str     0x000000000000273b      0x204 build/stm32f7xx_hal_rcc.o
                                        0x801 (size before relaxing)
 .debug_str     0x000000000000293f      0x151 build/stm32f7xx_hal_gpio.o
                                        0x61a (size before relaxing)
 .debug_str     0x0000000000002a90      0x21d build/stm32f7xx_hal_pwr_ex.o
                                        0x769 (size before relaxing)
 .debug_str     0x0000000000002cad      0x2c8 build/stm32f7xx_hal.o
                                        0xdc2 (size before relaxing)
 .debug_str     0x0000000000002f75       0x47 build/system_stm32f7xx.o
                                        0x50a (size before relaxing)
 .debug_str     0x0000000000002fbc      0x1cf build/SPI_TFT_ILI9341.o
                                        0x5d4 (size before relaxing)
 .debug_str     0x000000000000318b       0xee build/Touch_ADS7843.o
                                        0x5f0 (size before relaxing)
 .debug_str     0x0000000000003279       0x25 build/startup_stm32f767xx.o
                                         0x5c (size before relaxing)

.comment        0x0000000000000000       0x75
 .comment       0x0000000000000000       0x75 build/main.o
                                         0x76 (size before relaxing)
 .comment       0x0000000000000075       0x76 build/gpio.o
 .comment       0x0000000000000075       0x76 build/spi.o
 .comment       0x0000000000000075       0x76 build/stm32f7xx_it.o
 .comment       0x0000000000000075       0x76 build/stm32f7xx_hal_msp.o
 .comment       0x0000000000000075       0x76 build/stm32f7xx_hal_cortex.o
 .comment       0x0000000000000075       0x76 build/stm32f7xx_hal_spi.o
 .comment       0x0000000000000075       0x76 build/stm32f7xx_hal_rcc.o
 .comment       0x0000000000000075       0x76 build/stm32f7xx_hal_gpio.o
 .comment       0x0000000000000075       0x76 build/stm32f7xx_hal_pwr_ex.o
 .comment       0x0000000000000075       0x76 build/stm32f7xx_hal.o
 .comment       0x0000000000000075       0x76 build/system_stm32f7xx.o
 .comment       0x0000000000000075       0x76 build/SPI_TFT_ILI9341.o
 .comment       0x0000000000000075       0x76 build/Touch_ADS7843.o

.debug_frame    0x0000000000000000     0x1cd0
 .debug_frame   0x0000000000000000      0x1e8 build/main.o
 .debug_frame   0x00000000000001e8       0x48 build/gpio.o
 .debug_frame   0x0000000000000230       0x84 build/spi.o
 .debug_frame   0x00000000000002b4       0xac build/stm32f7xx_it.o
 .debug_frame   0x0000000000000360       0x28 build/stm32f7xx_hal_msp.o
 .debug_frame   0x0000000000000388      0x16c build/stm32f7xx_hal_cortex.o
 .debug_frame   0x00000000000004f4      0x66c build/stm32f7xx_hal_spi.o
 .debug_frame   0x0000000000000b60      0x1b4 build/stm32f7xx_hal_rcc.o
 .debug_frame   0x0000000000000d14       0xec build/stm32f7xx_hal_gpio.o
 .debug_frame   0x0000000000000e00      0x150 build/stm32f7xx_hal_pwr_ex.o
 .debug_frame   0x0000000000000f50      0x240 build/stm32f7xx_hal.o
 .debug_frame   0x0000000000001190       0x3c build/system_stm32f7xx.o
 .debug_frame   0x00000000000011cc      0x45c build/SPI_TFT_ILI9341.o
 .debug_frame   0x0000000000001628      0x1c0 build/Touch_ADS7843.o
 .debug_frame   0x00000000000017e8       0x2c /usr/local/Cellar/arm-none-eabi-gcc/8-2018-q4-major/gcc/bin/../lib/gcc/arm-none-eabi/8.2.1/../../../../arm-none-eabi/lib/thumb/v7e-m+dp/hard/libc_nano.a(lib_a-init.o)
 .debug_frame   0x0000000000001814       0x20 /usr/local/Cellar/arm-none-eabi-gcc/8-2018-q4-major/gcc/bin/../lib/gcc/arm-none-eabi/8.2.1/../../../../arm-none-eabi/lib/thumb/v7e-m+dp/hard/libc_nano.a(lib_a-memset.o)
 .debug_frame   0x0000000000001834       0x44 /usr/local/Cellar/arm-none-eabi-gcc/8-2018-q4-major/gcc/bin/../lib/gcc/arm-none-eabi/8.2.1/../../../../arm-none-eabi/lib/thumb/v7e-m+dp/hard/libc_nano.a(lib_a-rand.o)
 .debug_frame   0x0000000000001878       0x3c /usr/local/Cellar/arm-none-eabi-gcc/8-2018-q4-major/gcc/bin/../lib/gcc/arm-none-eabi/8.2.1/../../../../arm-none-eabi/lib/thumb/v7e-m+dp/hard/libc_nano.a(lib_a-vsprintf.o)
 .debug_frame   0x00000000000018b4       0x30 /usr/local/Cellar/arm-none-eabi-gcc/8-2018-q4-major/gcc/bin/../lib/gcc/arm-none-eabi/8.2.1/../../../../arm-none-eabi/lib/thumb/v7e-m+dp/hard/libc_nano.a(lib_a-malloc.o)
 .debug_frame   0x00000000000018e4       0x38 /usr/local/Cellar/arm-none-eabi-gcc/8-2018-q4-major/gcc/bin/../lib/gcc/arm-none-eabi/8.2.1/../../../../arm-none-eabi/lib/thumb/v7e-m+dp/hard/libc_nano.a(lib_a-nano-freer.o)
 .debug_frame   0x000000000000191c       0x30 /usr/local/Cellar/arm-none-eabi-gcc/8-2018-q4-major/gcc/bin/../lib/gcc/arm-none-eabi/8.2.1/../../../../arm-none-eabi/lib/thumb/v7e-m+dp/hard/libc_nano.a(lib_a-nano-mallocr.o)
 .debug_frame   0x000000000000194c       0x90 /usr/local/Cellar/arm-none-eabi-gcc/8-2018-q4-major/gcc/bin/../lib/gcc/arm-none-eabi/8.2.1/../../../../arm-none-eabi/lib/thumb/v7e-m+dp/hard/libc_nano.a(lib_a-nano-svfprintf.o)
 .debug_frame   0x00000000000019dc       0x60 /usr/local/Cellar/arm-none-eabi-gcc/8-2018-q4-major/gcc/bin/../lib/gcc/arm-none-eabi/8.2.1/../../../../arm-none-eabi/lib/thumb/v7e-m+dp/hard/libc_nano.a(lib_a-nano-vfprintf_i.o)
 .debug_frame   0x0000000000001a3c       0x2c /usr/local/Cellar/arm-none-eabi-gcc/8-2018-q4-major/gcc/bin/../lib/gcc/arm-none-eabi/8.2.1/../../../../arm-none-eabi/lib/thumb/v7e-m+dp/hard/libc_nano.a(lib_a-sbrkr.o)
 .debug_frame   0x0000000000001a68       0x28 /usr/local/Cellar/arm-none-eabi-gcc/8-2018-q4-major/gcc/bin/../lib/gcc/arm-none-eabi/8.2.1/../../../../arm-none-eabi/lib/thumb/v7e-m+dp/hard/libc_nano.a(lib_a-memcpy-stub.o)
 .debug_frame   0x0000000000001a90       0x28 /usr/local/Cellar/arm-none-eabi-gcc/8-2018-q4-major/gcc/bin/../lib/gcc/arm-none-eabi/8.2.1/../../../../arm-none-eabi/lib/thumb/v7e-m+dp/hard/libc_nano.a(lib_a-memmove.o)
 .debug_frame   0x0000000000001ab8       0x30 /usr/local/Cellar/arm-none-eabi-gcc/8-2018-q4-major/gcc/bin/../lib/gcc/arm-none-eabi/8.2.1/../../../../arm-none-eabi/lib/thumb/v7e-m+dp/hard/libc_nano.a(lib_a-mlock.o)
 .debug_frame   0x0000000000001ae8       0x3c /usr/local/Cellar/arm-none-eabi-gcc/8-2018-q4-major/gcc/bin/../lib/gcc/arm-none-eabi/8.2.1/../../../../arm-none-eabi/lib/thumb/v7e-m+dp/hard/libc_nano.a(lib_a-nano-reallocr.o)
 .debug_frame   0x0000000000001b24       0x5c /usr/local/Cellar/arm-none-eabi-gcc/8-2018-q4-major/gcc/bin/../lib/gcc/arm-none-eabi/8.2.1/../../../../arm-none-eabi/lib/thumb/v7e-m+dp/hard/libc_nano.a(lib_a-reent.o)
 .debug_frame   0x0000000000001b80       0xb0 /usr/local/Cellar/arm-none-eabi-gcc/8-2018-q4-major/gcc/bin/../lib/gcc/arm-none-eabi/8.2.1/../../../../arm-none-eabi/lib/thumb/v7e-m+dp/hard/libc_nano.a(lib_a-lock.o)
 .debug_frame   0x0000000000001c30       0x20 /usr/local/Cellar/arm-none-eabi-gcc/8-2018-q4-major/gcc/bin/../lib/gcc/arm-none-eabi/8.2.1/../../../../arm-none-eabi/lib/thumb/v7e-m+dp/hard/libc_nano.a(lib_a-nano-msizer.o)
 .debug_frame   0x0000000000001c50       0x20 /usr/local/Cellar/arm-none-eabi-gcc/8-2018-q4-major/gcc/bin/../lib/gcc/arm-none-eabi/8.2.1/../../../../arm-none-eabi/lib/thumb/v7e-m+dp/hard/libnosys.a(sbrk.o)
 .debug_frame   0x0000000000001c70       0x2c /usr/local/Cellar/arm-none-eabi-gcc/8-2018-q4-major/gcc/bin/../lib/gcc/arm-none-eabi/8.2.1/thumb/v7e-m+dp/hard/libgcc.a(_aeabi_uldivmod.o)
 .debug_frame   0x0000000000001c9c       0x34 /usr/local/Cellar/arm-none-eabi-gcc/8-2018-q4-major/gcc/bin/../lib/gcc/arm-none-eabi/8.2.1/thumb/v7e-m+dp/hard/libgcc.a(_udivmoddi4.o)

Cross Reference Table

Symbol                                            File
ADC_IRQHandler                                    build/startup_stm32f767xx.o
AHBPrescTable                                     build/system_stm32f7xx.o
                                                  build/stm32f7xx_hal_rcc.o
APBPrescTable                                     build/system_stm32f7xx.o
                                                  build/stm32f7xx_hal_rcc.o
Arial12x12                                        build/main.o
Arial24x23                                        build/main.o
Arial28x28                                        build/main.o
BusFault_Handler                                  build/stm32f7xx_it.o
CAN1_RX0_IRQHandler                               build/startup_stm32f767xx.o
CAN1_RX1_IRQHandler                               build/startup_stm32f767xx.o
CAN1_SCE_IRQHandler                               build/startup_stm32f767xx.o
CAN1_TX_IRQHandler                                build/startup_stm32f767xx.o
CAN2_RX0_IRQHandler                               build/startup_stm32f767xx.o
CAN2_RX1_IRQHandler                               build/startup_stm32f767xx.o
CAN2_SCE_IRQHandler                               build/startup_stm32f767xx.o
CAN2_TX_IRQHandler                                build/startup_stm32f767xx.o
CAN3_RX0_IRQHandler                               build/startup_stm32f767xx.o
CAN3_RX1_IRQHandler                               build/startup_stm32f767xx.o
CAN3_SCE_IRQHandler                               build/startup_stm32f767xx.o
CAN3_TX_IRQHandler                                build/startup_stm32f767xx.o
CEC_IRQHandler                                    build/startup_stm32f767xx.o
DCMI_IRQHandler                                   build/startup_stm32f767xx.o
DFSDM1_FLT0_IRQHandler                            build/startup_stm32f767xx.o
DFSDM1_FLT1_IRQHandler                            build/startup_stm32f767xx.o
DFSDM1_FLT2_IRQHandler                            build/startup_stm32f767xx.o
DFSDM1_FLT3_IRQHandler                            build/startup_stm32f767xx.o
DMA1_Stream0_IRQHandler                           build/startup_stm32f767xx.o
DMA1_Stream1_IRQHandler                           build/startup_stm32f767xx.o
DMA1_Stream2_IRQHandler                           build/startup_stm32f767xx.o
DMA1_Stream3_IRQHandler                           build/startup_stm32f767xx.o
DMA1_Stream4_IRQHandler                           build/startup_stm32f767xx.o
DMA1_Stream5_IRQHandler                           build/startup_stm32f767xx.o
DMA1_Stream6_IRQHandler                           build/startup_stm32f767xx.o
DMA1_Stream7_IRQHandler                           build/startup_stm32f767xx.o
DMA2D_IRQHandler                                  build/startup_stm32f767xx.o
DMA2_Stream0_IRQHandler                           build/startup_stm32f767xx.o
DMA2_Stream1_IRQHandler                           build/startup_stm32f767xx.o
DMA2_Stream2_IRQHandler                           build/startup_stm32f767xx.o
DMA2_Stream3_IRQHandler                           build/startup_stm32f767xx.o
DMA2_Stream4_IRQHandler                           build/startup_stm32f767xx.o
DMA2_Stream5_IRQHandler                           build/startup_stm32f767xx.o
DMA2_Stream6_IRQHandler                           build/startup_stm32f767xx.o
DMA2_Stream7_IRQHandler                           build/startup_stm32f767xx.o
DebugMon_Handler                                  build/stm32f7xx_it.o
Default_Handler                                   build/startup_stm32f767xx.o
ETH_IRQHandler                                    build/startup_stm32f767xx.o
ETH_WKUP_IRQHandler                               build/startup_stm32f767xx.o
EXTI0_IRQHandler                                  build/startup_stm32f767xx.o
EXTI15_10_IRQHandler                              build/startup_stm32f767xx.o
EXTI1_IRQHandler                                  build/startup_stm32f767xx.o
EXTI2_IRQHandler                                  build/startup_stm32f767xx.o
EXTI3_IRQHandler                                  build/startup_stm32f767xx.o
EXTI4_IRQHandler                                  build/startup_stm32f767xx.o
EXTI9_5_IRQHandler                                build/startup_stm32f767xx.o
Error_Handler                                     build/main.o
                                                  build/spi.o
FLASH_Erase_Sector                                build/stm32f7xx_hal_flash_ex.o
                                                  build/stm32f7xx_hal_flash.o
FLASH_IRQHandler                                  build/startup_stm32f767xx.o
FLASH_WaitForLastOperation                        build/stm32f7xx_hal_flash.o
                                                  build/stm32f7xx_hal_flash_ex.o
FMC_IRQHandler                                    build/startup_stm32f767xx.o
FPU_IRQHandler                                    build/startup_stm32f767xx.o
HAL_DBGMCU_DisableDBGSleepMode                    build/stm32f7xx_hal.o
HAL_DBGMCU_DisableDBGStandbyMode                  build/stm32f7xx_hal.o
HAL_DBGMCU_DisableDBGStopMode                     build/stm32f7xx_hal.o
HAL_DBGMCU_EnableDBGSleepMode                     build/stm32f7xx_hal.o
HAL_DBGMCU_EnableDBGStandbyMode                   build/stm32f7xx_hal.o
HAL_DBGMCU_EnableDBGStopMode                      build/stm32f7xx_hal.o
HAL_DMAEx_ChangeMemory                            build/stm32f7xx_hal_dma_ex.o
HAL_DMAEx_MultiBufferStart                        build/stm32f7xx_hal_dma_ex.o
HAL_DMAEx_MultiBufferStart_IT                     build/stm32f7xx_hal_dma_ex.o
HAL_DMA_Abort                                     build/stm32f7xx_hal_dma.o
                                                  build/stm32f7xx_hal_spi.o
HAL_DMA_Abort_IT                                  build/stm32f7xx_hal_dma.o
                                                  build/stm32f7xx_hal_i2c.o
                                                  build/stm32f7xx_hal_spi.o
HAL_DMA_DeInit                                    build/stm32f7xx_hal_dma.o
HAL_DMA_GetError                                  build/stm32f7xx_hal_dma.o
                                                  build/stm32f7xx_hal_i2c.o
HAL_DMA_GetState                                  build/stm32f7xx_hal_dma.o
HAL_DMA_IRQHandler                                build/stm32f7xx_hal_dma.o
HAL_DMA_Init                                      build/stm32f7xx_hal_dma.o
HAL_DMA_PollForTransfer                           build/stm32f7xx_hal_dma.o
HAL_DMA_RegisterCallback                          build/stm32f7xx_hal_dma.o
HAL_DMA_Start                                     build/stm32f7xx_hal_dma.o
HAL_DMA_Start_IT                                  build/stm32f7xx_hal_dma.o
                                                  build/stm32f7xx_hal_i2c.o
                                                  build/stm32f7xx_hal_spi.o
HAL_DMA_UnRegisterCallback                        build/stm32f7xx_hal_dma.o
HAL_DeInit                                        build/stm32f7xx_hal.o
HAL_Delay                                         build/stm32f7xx_hal.o
                                                  build/main.o
HAL_DisableCompensationCell                       build/stm32f7xx_hal.o
HAL_DisableFMCMemorySwapping                      build/stm32f7xx_hal.o
HAL_DisableMemorySwappingBank                     build/stm32f7xx_hal.o
HAL_EXTI_ClearConfigLine                          build/stm32f7xx_hal_exti.o
HAL_EXTI_ClearPending                             build/stm32f7xx_hal_exti.o
HAL_EXTI_GenerateSWI                              build/stm32f7xx_hal_exti.o
HAL_EXTI_GetConfigLine                            build/stm32f7xx_hal_exti.o
HAL_EXTI_GetHandle                                build/stm32f7xx_hal_exti.o
HAL_EXTI_GetPending                               build/stm32f7xx_hal_exti.o
HAL_EXTI_IRQHandler                               build/stm32f7xx_hal_exti.o
HAL_EXTI_RegisterCallback                         build/stm32f7xx_hal_exti.o
HAL_EXTI_SetConfigLine                            build/stm32f7xx_hal_exti.o
HAL_EnableCompensationCell                        build/stm32f7xx_hal.o
HAL_EnableFMCMemorySwapping                       build/stm32f7xx_hal.o
HAL_EnableMemorySwappingBank                      build/stm32f7xx_hal.o
HAL_FLASHEx_Erase                                 build/stm32f7xx_hal_flash_ex.o
HAL_FLASHEx_Erase_IT                              build/stm32f7xx_hal_flash_ex.o
HAL_FLASHEx_OBGetConfig                           build/stm32f7xx_hal_flash_ex.o
HAL_FLASHEx_OBProgram                             build/stm32f7xx_hal_flash_ex.o
HAL_FLASH_EndOfOperationCallback                  build/stm32f7xx_hal_flash.o
HAL_FLASH_GetError                                build/stm32f7xx_hal_flash.o
HAL_FLASH_IRQHandler                              build/stm32f7xx_hal_flash.o
HAL_FLASH_Lock                                    build/stm32f7xx_hal_flash.o
HAL_FLASH_OB_Launch                               build/stm32f7xx_hal_flash.o
HAL_FLASH_OB_Lock                                 build/stm32f7xx_hal_flash.o
HAL_FLASH_OB_Unlock                               build/stm32f7xx_hal_flash.o
HAL_FLASH_OperationErrorCallback                  build/stm32f7xx_hal_flash.o
HAL_FLASH_Program                                 build/stm32f7xx_hal_flash.o
HAL_FLASH_Program_IT                              build/stm32f7xx_hal_flash.o
HAL_FLASH_Unlock                                  build/stm32f7xx_hal_flash.o
HAL_GPIO_DeInit                                   build/stm32f7xx_hal_gpio.o
                                                  build/spi.o
HAL_GPIO_EXTI_Callback                            build/stm32f7xx_hal_gpio.o
HAL_GPIO_EXTI_IRQHandler                          build/stm32f7xx_hal_gpio.o
HAL_GPIO_Init                                     build/stm32f7xx_hal_gpio.o
                                                  build/stm32f7xx_hal_rcc.o
                                                  build/spi.o
                                                  build/gpio.o
HAL_GPIO_LockPin                                  build/stm32f7xx_hal_gpio.o
HAL_GPIO_ReadPin                                  build/stm32f7xx_hal_gpio.o
                                                  build/main.o
HAL_GPIO_TogglePin                                build/stm32f7xx_hal_gpio.o
HAL_GPIO_WritePin                                 build/stm32f7xx_hal_gpio.o
                                                  build/gpio.o
                                                  build/main.o
HAL_GetDEVID                                      build/stm32f7xx_hal.o
HAL_GetHalVersion                                 build/stm32f7xx_hal.o
HAL_GetREVID                                      build/stm32f7xx_hal.o
HAL_GetTick                                       build/stm32f7xx_hal.o
                                                  build/stm32f7xx_hal_i2c.o
                                                  build/stm32f7xx_hal_pwr_ex.o
                                                  build/stm32f7xx_hal_dma.o
                                                  build/stm32f7xx_hal_flash.o
                                                  build/stm32f7xx_hal_rcc_ex.o
                                                  build/stm32f7xx_hal_rcc.o
                                                  build/stm32f7xx_hal_spi.o
HAL_GetTickFreq                                   build/stm32f7xx_hal.o
HAL_GetTickPrio                                   build/stm32f7xx_hal.o
HAL_GetUIDw0                                      build/stm32f7xx_hal.o
HAL_GetUIDw1                                      build/stm32f7xx_hal.o
HAL_GetUIDw2                                      build/stm32f7xx_hal.o
HAL_I2CEx_ConfigAnalogFilter                      build/stm32f7xx_hal_i2c_ex.o
HAL_I2CEx_ConfigDigitalFilter                     build/stm32f7xx_hal_i2c_ex.o
HAL_I2CEx_DisableFastModePlus                     build/stm32f7xx_hal_i2c_ex.o
HAL_I2CEx_EnableFastModePlus                      build/stm32f7xx_hal_i2c_ex.o
HAL_I2C_AbortCpltCallback                         build/stm32f7xx_hal_i2c.o
HAL_I2C_AddrCallback                              build/stm32f7xx_hal_i2c.o
HAL_I2C_DeInit                                    build/stm32f7xx_hal_i2c.o
HAL_I2C_DisableListen_IT                          build/stm32f7xx_hal_i2c.o
HAL_I2C_ER_IRQHandler                             build/stm32f7xx_hal_i2c.o
HAL_I2C_EV_IRQHandler                             build/stm32f7xx_hal_i2c.o
HAL_I2C_EnableListen_IT                           build/stm32f7xx_hal_i2c.o
HAL_I2C_ErrorCallback                             build/stm32f7xx_hal_i2c.o
HAL_I2C_GetError                                  build/stm32f7xx_hal_i2c.o
HAL_I2C_GetMode                                   build/stm32f7xx_hal_i2c.o
HAL_I2C_GetState                                  build/stm32f7xx_hal_i2c.o
HAL_I2C_Init                                      build/stm32f7xx_hal_i2c.o
HAL_I2C_IsDeviceReady                             build/stm32f7xx_hal_i2c.o
HAL_I2C_ListenCpltCallback                        build/stm32f7xx_hal_i2c.o
HAL_I2C_MasterRxCpltCallback                      build/stm32f7xx_hal_i2c.o
HAL_I2C_MasterTxCpltCallback                      build/stm32f7xx_hal_i2c.o
HAL_I2C_Master_Abort_IT                           build/stm32f7xx_hal_i2c.o
HAL_I2C_Master_Receive                            build/stm32f7xx_hal_i2c.o
HAL_I2C_Master_Receive_DMA                        build/stm32f7xx_hal_i2c.o
HAL_I2C_Master_Receive_IT                         build/stm32f7xx_hal_i2c.o
HAL_I2C_Master_Seq_Receive_DMA                    build/stm32f7xx_hal_i2c.o
HAL_I2C_Master_Seq_Receive_IT                     build/stm32f7xx_hal_i2c.o
HAL_I2C_Master_Seq_Transmit_DMA                   build/stm32f7xx_hal_i2c.o
HAL_I2C_Master_Seq_Transmit_IT                    build/stm32f7xx_hal_i2c.o
HAL_I2C_Master_Transmit                           build/stm32f7xx_hal_i2c.o
HAL_I2C_Master_Transmit_DMA                       build/stm32f7xx_hal_i2c.o
HAL_I2C_Master_Transmit_IT                        build/stm32f7xx_hal_i2c.o
HAL_I2C_MemRxCpltCallback                         build/stm32f7xx_hal_i2c.o
HAL_I2C_MemTxCpltCallback                         build/stm32f7xx_hal_i2c.o
HAL_I2C_Mem_Read                                  build/stm32f7xx_hal_i2c.o
HAL_I2C_Mem_Read_DMA                              build/stm32f7xx_hal_i2c.o
HAL_I2C_Mem_Read_IT                               build/stm32f7xx_hal_i2c.o
HAL_I2C_Mem_Write                                 build/stm32f7xx_hal_i2c.o
HAL_I2C_Mem_Write_DMA                             build/stm32f7xx_hal_i2c.o
HAL_I2C_Mem_Write_IT                              build/stm32f7xx_hal_i2c.o
HAL_I2C_MspDeInit                                 build/stm32f7xx_hal_i2c.o
HAL_I2C_MspInit                                   build/stm32f7xx_hal_i2c.o
HAL_I2C_SlaveRxCpltCallback                       build/stm32f7xx_hal_i2c.o
HAL_I2C_SlaveTxCpltCallback                       build/stm32f7xx_hal_i2c.o
HAL_I2C_Slave_Receive                             build/stm32f7xx_hal_i2c.o
HAL_I2C_Slave_Receive_DMA                         build/stm32f7xx_hal_i2c.o
HAL_I2C_Slave_Receive_IT                          build/stm32f7xx_hal_i2c.o
HAL_I2C_Slave_Seq_Receive_DMA                     build/stm32f7xx_hal_i2c.o
HAL_I2C_Slave_Seq_Receive_IT                      build/stm32f7xx_hal_i2c.o
HAL_I2C_Slave_Seq_Transmit_DMA                    build/stm32f7xx_hal_i2c.o
HAL_I2C_Slave_Seq_Transmit_IT                     build/stm32f7xx_hal_i2c.o
HAL_I2C_Slave_Transmit                            build/stm32f7xx_hal_i2c.o
HAL_I2C_Slave_Transmit_DMA                        build/stm32f7xx_hal_i2c.o
HAL_I2C_Slave_Transmit_IT                         build/stm32f7xx_hal_i2c.o
HAL_IncTick                                       build/stm32f7xx_hal.o
                                                  build/stm32f7xx_it.o
HAL_Init                                          build/stm32f7xx_hal.o
                                                  build/main.o
HAL_InitTick                                      build/stm32f7xx_hal.o
                                                  build/stm32f7xx_hal_rcc.o
HAL_MPU_ConfigRegion                              build/stm32f7xx_hal_cortex.o
HAL_MPU_Disable                                   build/stm32f7xx_hal_cortex.o
HAL_MPU_Enable                                    build/stm32f7xx_hal_cortex.o
HAL_MspDeInit                                     build/stm32f7xx_hal.o
HAL_MspInit                                       build/stm32f7xx_hal_msp.o
HAL_NVIC_ClearPendingIRQ                          build/stm32f7xx_hal_cortex.o
HAL_NVIC_DisableIRQ                               build/stm32f7xx_hal_cortex.o
HAL_NVIC_EnableIRQ                                build/stm32f7xx_hal_cortex.o
HAL_NVIC_GetActive                                build/stm32f7xx_hal_cortex.o
HAL_NVIC_GetPendingIRQ                            build/stm32f7xx_hal_cortex.o
HAL_NVIC_GetPriority                              build/stm32f7xx_hal_cortex.o
HAL_NVIC_GetPriorityGrouping                      build/stm32f7xx_hal_cortex.o
HAL_NVIC_SetPendingIRQ                            build/stm32f7xx_hal_cortex.o
HAL_NVIC_SetPriority                              build/stm32f7xx_hal_cortex.o
                                                  build/stm32f7xx_hal.o
HAL_NVIC_SetPriorityGrouping                      build/stm32f7xx_hal_cortex.o
                                                  build/stm32f7xx_hal.o
HAL_NVIC_SystemReset                              build/stm32f7xx_hal_cortex.o
HAL_PWREx_ControlVoltageScaling                   build/stm32f7xx_hal_pwr_ex.o
HAL_PWREx_DisableBkUpReg                          build/stm32f7xx_hal_pwr_ex.o
HAL_PWREx_DisableFlashPowerDown                   build/stm32f7xx_hal_pwr_ex.o
HAL_PWREx_DisableLowRegulatorLowVoltage           build/stm32f7xx_hal_pwr_ex.o
HAL_PWREx_DisableMainRegulatorLowVoltage          build/stm32f7xx_hal_pwr_ex.o
HAL_PWREx_DisableOverDrive                        build/stm32f7xx_hal_pwr_ex.o
HAL_PWREx_EnableBkUpReg                           build/stm32f7xx_hal_pwr_ex.o
HAL_PWREx_EnableFlashPowerDown                    build/stm32f7xx_hal_pwr_ex.o
HAL_PWREx_EnableLowRegulatorLowVoltage            build/stm32f7xx_hal_pwr_ex.o
HAL_PWREx_EnableMainRegulatorLowVoltage           build/stm32f7xx_hal_pwr_ex.o
HAL_PWREx_EnableOverDrive                         build/stm32f7xx_hal_pwr_ex.o
                                                  build/main.o
HAL_PWREx_EnterUnderDriveSTOPMode                 build/stm32f7xx_hal_pwr_ex.o
HAL_PWREx_GetVoltageRange                         build/stm32f7xx_hal_pwr_ex.o
HAL_PWR_ConfigPVD                                 build/stm32f7xx_hal_pwr.o
HAL_PWR_DeInit                                    build/stm32f7xx_hal_pwr.o
HAL_PWR_DisableBkUpAccess                         build/stm32f7xx_hal_pwr.o
HAL_PWR_DisablePVD                                build/stm32f7xx_hal_pwr.o
HAL_PWR_DisableSEVOnPend                          build/stm32f7xx_hal_pwr.o
HAL_PWR_DisableSleepOnExit                        build/stm32f7xx_hal_pwr.o
HAL_PWR_DisableWakeUpPin                          build/stm32f7xx_hal_pwr.o
HAL_PWR_EnableBkUpAccess                          build/stm32f7xx_hal_pwr.o
HAL_PWR_EnablePVD                                 build/stm32f7xx_hal_pwr.o
HAL_PWR_EnableSEVOnPend                           build/stm32f7xx_hal_pwr.o
HAL_PWR_EnableSleepOnExit                         build/stm32f7xx_hal_pwr.o
HAL_PWR_EnableWakeUpPin                           build/stm32f7xx_hal_pwr.o
HAL_PWR_EnterSLEEPMode                            build/stm32f7xx_hal_pwr.o
HAL_PWR_EnterSTANDBYMode                          build/stm32f7xx_hal_pwr.o
HAL_PWR_EnterSTOPMode                             build/stm32f7xx_hal_pwr.o
HAL_PWR_PVDCallback                               build/stm32f7xx_hal_pwr.o
HAL_PWR_PVD_IRQHandler                            build/stm32f7xx_hal_pwr.o
HAL_RCCEx_DisablePLLI2S                           build/stm32f7xx_hal_rcc_ex.o
HAL_RCCEx_DisablePLLSAI                           build/stm32f7xx_hal_rcc_ex.o
HAL_RCCEx_EnablePLLI2S                            build/stm32f7xx_hal_rcc_ex.o
HAL_RCCEx_EnablePLLSAI                            build/stm32f7xx_hal_rcc_ex.o
HAL_RCCEx_GetPeriphCLKConfig                      build/stm32f7xx_hal_rcc_ex.o
HAL_RCCEx_GetPeriphCLKFreq                        build/stm32f7xx_hal_rcc_ex.o
HAL_RCCEx_PeriphCLKConfig                         build/stm32f7xx_hal_rcc_ex.o
HAL_RCC_CSSCallback                               build/stm32f7xx_hal_rcc.o
HAL_RCC_ClockConfig                               build/stm32f7xx_hal_rcc.o
                                                  build/main.o
HAL_RCC_DeInit                                    build/stm32f7xx_hal_rcc.o
HAL_RCC_DisableCSS                                build/stm32f7xx_hal_rcc.o
HAL_RCC_EnableCSS                                 build/stm32f7xx_hal_rcc.o
HAL_RCC_GetClockConfig                            build/stm32f7xx_hal_rcc.o
HAL_RCC_GetHCLKFreq                               build/stm32f7xx_hal_rcc.o
HAL_RCC_GetOscConfig                              build/stm32f7xx_hal_rcc.o
HAL_RCC_GetPCLK1Freq                              build/stm32f7xx_hal_rcc.o
HAL_RCC_GetPCLK2Freq                              build/stm32f7xx_hal_rcc.o
HAL_RCC_GetSysClockFreq                           build/stm32f7xx_hal_rcc.o
HAL_RCC_MCOConfig                                 build/stm32f7xx_hal_rcc.o
HAL_RCC_NMI_IRQHandler                            build/stm32f7xx_hal_rcc.o
HAL_RCC_OscConfig                                 build/stm32f7xx_hal_rcc.o
                                                  build/main.o
HAL_ResumeTick                                    build/stm32f7xx_hal.o
HAL_SPIEx_FlushRxFifo                             build/stm32f7xx_hal_spi_ex.o
HAL_SPI_Abort                                     build/stm32f7xx_hal_spi.o
HAL_SPI_AbortCpltCallback                         build/stm32f7xx_hal_spi.o
HAL_SPI_Abort_IT                                  build/stm32f7xx_hal_spi.o
HAL_SPI_DMAPause                                  build/stm32f7xx_hal_spi.o
HAL_SPI_DMAResume                                 build/stm32f7xx_hal_spi.o
HAL_SPI_DMAStop                                   build/stm32f7xx_hal_spi.o
HAL_SPI_DeInit                                    build/stm32f7xx_hal_spi.o
HAL_SPI_ErrorCallback                             build/stm32f7xx_hal_spi.o
HAL_SPI_GetError                                  build/stm32f7xx_hal_spi.o
HAL_SPI_GetState                                  build/stm32f7xx_hal_spi.o
HAL_SPI_IRQHandler                                build/stm32f7xx_hal_spi.o
HAL_SPI_Init                                      build/stm32f7xx_hal_spi.o
                                                  build/spi.o
HAL_SPI_MspDeInit                                 build/spi.o
HAL_SPI_MspInit                                   build/spi.o
HAL_SPI_Receive                                   build/stm32f7xx_hal_spi.o
HAL_SPI_Receive_DMA                               build/stm32f7xx_hal_spi.o
HAL_SPI_Receive_IT                                build/stm32f7xx_hal_spi.o
HAL_SPI_RxCpltCallback                            build/stm32f7xx_hal_spi.o
HAL_SPI_RxHalfCpltCallback                        build/stm32f7xx_hal_spi.o
HAL_SPI_Transmit                                  build/stm32f7xx_hal_spi.o
                                                  build/main.o
HAL_SPI_TransmitReceive                           build/stm32f7xx_hal_spi.o
                                                  build/main.o
HAL_SPI_TransmitReceive_DMA                       build/stm32f7xx_hal_spi.o
HAL_SPI_TransmitReceive_IT                        build/stm32f7xx_hal_spi.o
HAL_SPI_Transmit_DMA                              build/stm32f7xx_hal_spi.o
HAL_SPI_Transmit_IT                               build/stm32f7xx_hal_spi.o
HAL_SPI_TxCpltCallback                            build/stm32f7xx_hal_spi.o
HAL_SPI_TxHalfCpltCallback                        build/stm32f7xx_hal_spi.o
HAL_SPI_TxRxCpltCallback                          build/stm32f7xx_hal_spi.o
HAL_SPI_TxRxHalfCpltCallback                      build/stm32f7xx_hal_spi.o
HAL_SYSTICK_CLKSourceConfig                       build/stm32f7xx_hal_cortex.o
HAL_SYSTICK_Callback                              build/stm32f7xx_hal_cortex.o
HAL_SYSTICK_Config                                build/stm32f7xx_hal_cortex.o
                                                  build/stm32f7xx_hal.o
HAL_SYSTICK_IRQHandler                            build/stm32f7xx_hal_cortex.o
HAL_SetTickFreq                                   build/stm32f7xx_hal.o
HAL_SuspendTick                                   build/stm32f7xx_hal.o
HardFault_Handler                                 build/stm32f7xx_it.o
I2C1_ER_IRQHandler                                build/startup_stm32f767xx.o
I2C1_EV_IRQHandler                                build/startup_stm32f767xx.o
I2C2_ER_IRQHandler                                build/startup_stm32f767xx.o
I2C2_EV_IRQHandler                                build/startup_stm32f767xx.o
I2C3_ER_IRQHandler                                build/startup_stm32f767xx.o
I2C3_EV_IRQHandler                                build/startup_stm32f767xx.o
I2C4_ER_IRQHandler                                build/startup_stm32f767xx.o
I2C4_EV_IRQHandler                                build/startup_stm32f767xx.o
JPEG_IRQHandler                                   build/startup_stm32f767xx.o
LPTIM1_IRQHandler                                 build/startup_stm32f767xx.o
LTDC_ER_IRQHandler                                build/startup_stm32f767xx.o
LTDC_IRQHandler                                   build/startup_stm32f767xx.o
MDIOS_IRQHandler                                  build/startup_stm32f767xx.o
MX_GPIO_Init                                      build/gpio.o
                                                  build/main.o
MX_SPI3_Init                                      build/spi.o
                                                  build/main.o
MX_SPI6_Init                                      build/spi.o
                                                  build/main.o
MemManage_Handler                                 build/stm32f7xx_it.o
NMI_Handler                                       build/stm32f7xx_it.o
Neu42x35                                          build/main.o
OTG_FS_IRQHandler                                 build/startup_stm32f767xx.o
OTG_FS_WKUP_IRQHandler                            build/startup_stm32f767xx.o
OTG_HS_EP1_IN_IRQHandler                          build/startup_stm32f767xx.o
OTG_HS_EP1_OUT_IRQHandler                         build/startup_stm32f767xx.o
OTG_HS_IRQHandler                                 build/startup_stm32f767xx.o
OTG_HS_WKUP_IRQHandler                            build/startup_stm32f767xx.o
PVD_IRQHandler                                    build/startup_stm32f767xx.o
PendSV_Handler                                    build/stm32f7xx_it.o
QUADSPI_IRQHandler                                build/startup_stm32f767xx.o
RCC_IRQHandler                                    build/startup_stm32f767xx.o
RNG_IRQHandler                                    build/startup_stm32f767xx.o
RTC_Alarm_IRQHandler                              build/startup_stm32f767xx.o
RTC_WKUP_IRQHandler                               build/startup_stm32f767xx.o
Reset_Handler                                     build/startup_stm32f767xx.o
SAI1_IRQHandler                                   build/startup_stm32f767xx.o
SAI2_IRQHandler                                   build/startup_stm32f767xx.o
SDMMC1_IRQHandler                                 build/startup_stm32f767xx.o
SDMMC2_IRQHandler                                 build/startup_stm32f767xx.o